16:36:56 **** Build of configuration Debug for project dc_motor ****
make -j8 all 
arm-none-eabi-gcc "../Drivers/STM32F4xx_HAL_Driver/Src/stm32f4xx_hal.c" -mcpu=cortex-m4 -std=gnu11 -g3 -DUSE_HAL_DRIVER -DSTM32F401xE -DDEBUG -c -I../Core/Inc -I../Drivers/STM32F4xx_HAL_Driver/Inc -I../Drivers/STM32F4xx_HAL_Driver/Inc/Legacy -I../Drivers/CMSIS/Device/ST/STM32F4xx/Include -I../Drivers/CMSIS/Include -O0 -ffunction-sections -fdata-sections -Wall -fstack-usage -MMD -MP -MF"Drivers/STM32F4xx_HAL_Driver/Src/stm32f4xx_hal.d" -MT"Drivers/STM32F4xx_HAL_Driver/Src/stm32f4xx_hal.o" --specs=nano.specs -mfpu=fpv4-sp-d16 -mfloat-abi=hard -mthumb -o "Drivers/STM32F4xx_HAL_Driver/Src/stm32f4xx_hal.o"
arm-none-eabi-gcc "../Drivers/STM32F4xx_HAL_Driver/Src/stm32f4xx_hal_cortex.c" -mcpu=cortex-m4 -std=gnu11 -g3 -DUSE_HAL_DRIVER -DSTM32F401xE -DDEBUG -c -I../Core/Inc -I../Drivers/STM32F4xx_HAL_Driver/Inc -I../Drivers/STM32F4xx_HAL_Driver/Inc/Legacy -I../Drivers/CMSIS/Device/ST/STM32F4xx/Include -I../Drivers/CMSIS/Include -O0 -ffunction-sections -fdata-sections -Wall -fstack-usage -MMD -MP -MF"Drivers/STM32F4xx_HAL_Driver/Src/stm32f4xx_hal_cortex.d" -MT"Drivers/STM32F4xx_HAL_Driver/Src/stm32f4xx_hal_cortex.o" --specs=nano.specs -mfpu=fpv4-sp-d16 -mfloat-abi=hard -mthumb -o "Drivers/STM32F4xx_HAL_Driver/Src/stm32f4xx_hal_cortex.o"
arm-none-eabi-gcc "../Drivers/STM32F4xx_HAL_Driver/Src/stm32f4xx_hal_dma.c" -mcpu=cortex-m4 -std=gnu11 -g3 -DUSE_HAL_DRIVER -DSTM32F401xE -DDEBUG -c -I../Core/Inc -I../Drivers/STM32F4xx_HAL_Driver/Inc -I../Drivers/STM32F4xx_HAL_Driver/Inc/Legacy -I../Drivers/CMSIS/Device/ST/STM32F4xx/Include -I../Drivers/CMSIS/Include -O0 -ffunction-sections -fdata-sections -Wall -fstack-usage -MMD -MP -MF"Drivers/STM32F4xx_HAL_Driver/Src/stm32f4xx_hal_dma.d" -MT"Drivers/STM32F4xx_HAL_Driver/Src/stm32f4xx_hal_dma.o" --specs=nano.specs -mfpu=fpv4-sp-d16 -mfloat-abi=hard -mthumb -o "Drivers/STM32F4xx_HAL_Driver/Src/stm32f4xx_hal_dma.o"
arm-none-eabi-gcc "../Drivers/STM32F4xx_HAL_Driver/Src/stm32f4xx_hal_dma_ex.c" -mcpu=cortex-m4 -std=gnu11 -g3 -DUSE_HAL_DRIVER -DSTM32F401xE -DDEBUG -c -I../Core/Inc -I../Drivers/STM32F4xx_HAL_Driver/Inc -I../Drivers/STM32F4xx_HAL_Driver/Inc/Legacy -I../Drivers/CMSIS/Device/ST/STM32F4xx/Include -I../Drivers/CMSIS/Include -O0 -ffunction-sections -fdata-sections -Wall -fstack-usage -MMD -MP -MF"Drivers/STM32F4xx_HAL_Driver/Src/stm32f4xx_hal_dma_ex.d" -MT"Drivers/STM32F4xx_HAL_Driver/Src/stm32f4xx_hal_dma_ex.o" --specs=nano.specs -mfpu=fpv4-sp-d16 -mfloat-abi=hard -mthumb -o "Drivers/STM32F4xx_HAL_Driver/Src/stm32f4xx_hal_dma_ex.o"
arm-none-eabi-gcc "../Drivers/STM32F4xx_HAL_Driver/Src/stm32f4xx_hal_exti.c" -mcpu=cortex-m4 -std=gnu11 -g3 -DUSE_HAL_DRIVER -DSTM32F401xE -DDEBUG -c -I../Core/Inc -I../Drivers/STM32F4xx_HAL_Driver/Inc -I../Drivers/STM32F4xx_HAL_Driver/Inc/Legacy -I../Drivers/CMSIS/Device/ST/STM32F4xx/Include -I../Drivers/CMSIS/Include -O0 -ffunction-sections -fdata-sections -Wall -fstack-usage -MMD -MP -MF"Drivers/STM32F4xx_HAL_Driver/Src/stm32f4xx_hal_exti.d" -MT"Drivers/STM32F4xx_HAL_Driver/Src/stm32f4xx_hal_exti.o" --specs=nano.specs -mfpu=fpv4-sp-d16 -mfloat-abi=hard -mthumb -o "Drivers/STM32F4xx_HAL_Driver/Src/stm32f4xx_hal_exti.o"
arm-none-eabi-gcc "../Drivers/STM32F4xx_HAL_Driver/Src/stm32f4xx_hal_flash.c" -mcpu=cortex-m4 -std=gnu11 -g3 -DUSE_HAL_DRIVER -DSTM32F401xE -DDEBUG -c -I../Core/Inc -I../Drivers/STM32F4xx_HAL_Driver/Inc -I../Drivers/STM32F4xx_HAL_Driver/Inc/Legacy -I../Drivers/CMSIS/Device/ST/STM32F4xx/Include -I../Drivers/CMSIS/Include -O0 -ffunction-sections -fdata-sections -Wall -fstack-usage -MMD -MP -MF"Drivers/STM32F4xx_HAL_Driver/Src/stm32f4xx_hal_flash.d" -MT"Drivers/STM32F4xx_HAL_Driver/Src/stm32f4xx_hal_flash.o" --specs=nano.specs -mfpu=fpv4-sp-d16 -mfloat-abi=hard -mthumb -o "Drivers/STM32F4xx_HAL_Driver/Src/stm32f4xx_hal_flash.o"
arm-none-eabi-gcc "../Drivers/STM32F4xx_HAL_Driver/Src/stm32f4xx_hal_flash_ex.c" -mcpu=cortex-m4 -std=gnu11 -g3 -DUSE_HAL_DRIVER -DSTM32F401xE -DDEBUG -c -I../Core/Inc -I../Drivers/STM32F4xx_HAL_Driver/Inc -I../Drivers/STM32F4xx_HAL_Driver/Inc/Legacy -I../Drivers/CMSIS/Device/ST/STM32F4xx/Include -I../Drivers/CMSIS/Include -O0 -ffunction-sections -fdata-sections -Wall -fstack-usage -MMD -MP -MF"Drivers/STM32F4xx_HAL_Driver/Src/stm32f4xx_hal_flash_ex.d" -MT"Drivers/STM32F4xx_HAL_Driver/Src/stm32f4xx_hal_flash_ex.o" --specs=nano.specs -mfpu=fpv4-sp-d16 -mfloat-abi=hard -mthumb -o "Drivers/STM32F4xx_HAL_Driver/Src/stm32f4xx_hal_flash_ex.o"
arm-none-eabi-gcc "../Drivers/STM32F4xx_HAL_Driver/Src/stm32f4xx_hal_flash_ramfunc.c" -mcpu=cortex-m4 -std=gnu11 -g3 -DUSE_HAL_DRIVER -DSTM32F401xE -DDEBUG -c -I../Core/Inc -I../Drivers/STM32F4xx_HAL_Driver/Inc -I../Drivers/STM32F4xx_HAL_Driver/Inc/Legacy -I../Drivers/CMSIS/Device/ST/STM32F4xx/Include -I../Drivers/CMSIS/Include -O0 -ffunction-sections -fdata-sections -Wall -fstack-usage -MMD -MP -MF"Drivers/STM32F4xx_HAL_Driver/Src/stm32f4xx_hal_flash_ramfunc.d" -MT"Drivers/STM32F4xx_HAL_Driver/Src/stm32f4xx_hal_flash_ramfunc.o" --specs=nano.specs -mfpu=fpv4-sp-d16 -mfloat-abi=hard -mthumb -o "Drivers/STM32F4xx_HAL_Driver/Src/stm32f4xx_hal_flash_ramfunc.o"
arm-none-eabi-gcc "../Drivers/STM32F4xx_HAL_Driver/Src/stm32f4xx_hal_gpio.c" -mcpu=cortex-m4 -std=gnu11 -g3 -DUSE_HAL_DRIVER -DSTM32F401xE -DDEBUG -c -I../Core/Inc -I../Drivers/STM32F4xx_HAL_Driver/Inc -I../Drivers/STM32F4xx_HAL_Driver/Inc/Legacy -I../Drivers/CMSIS/Device/ST/STM32F4xx/Include -I../Drivers/CMSIS/Include -O0 -ffunction-sections -fdata-sections -Wall -fstack-usage -MMD -MP -MF"Drivers/STM32F4xx_HAL_Driver/Src/stm32f4xx_hal_gpio.d" -MT"Drivers/STM32F4xx_HAL_Driver/Src/stm32f4xx_hal_gpio.o" --specs=nano.specs -mfpu=fpv4-sp-d16 -mfloat-abi=hard -mthumb -o "Drivers/STM32F4xx_HAL_Driver/Src/stm32f4xx_hal_gpio.o"
arm-none-eabi-gcc "../Drivers/STM32F4xx_HAL_Driver/Src/stm32f4xx_hal_pwr.c" -mcpu=cortex-m4 -std=gnu11 -g3 -DUSE_HAL_DRIVER -DSTM32F401xE -DDEBUG -c -I../Core/Inc -I../Drivers/STM32F4xx_HAL_Driver/Inc -I../Drivers/STM32F4xx_HAL_Driver/Inc/Legacy -I../Drivers/CMSIS/Device/ST/STM32F4xx/Include -I../Drivers/CMSIS/Include -O0 -ffunction-sections -fdata-sections -Wall -fstack-usage -MMD -MP -MF"Drivers/STM32F4xx_HAL_Driver/Src/stm32f4xx_hal_pwr.d" -MT"Drivers/STM32F4xx_HAL_Driver/Src/stm32f4xx_hal_pwr.o" --specs=nano.specs -mfpu=fpv4-sp-d16 -mfloat-abi=hard -mthumb -o "Drivers/STM32F4xx_HAL_Driver/Src/stm32f4xx_hal_pwr.o"
arm-none-eabi-gcc "../Drivers/STM32F4xx_HAL_Driver/Src/stm32f4xx_hal_pwr_ex.c" -mcpu=cortex-m4 -std=gnu11 -g3 -DUSE_HAL_DRIVER -DSTM32F401xE -DDEBUG -c -I../Core/Inc -I../Drivers/STM32F4xx_HAL_Driver/Inc -I../Drivers/STM32F4xx_HAL_Driver/Inc/Legacy -I../Drivers/CMSIS/Device/ST/STM32F4xx/Include -I../Drivers/CMSIS/Include -O0 -ffunction-sections -fdata-sections -Wall -fstack-usage -MMD -MP -MF"Drivers/STM32F4xx_HAL_Driver/Src/stm32f4xx_hal_pwr_ex.d" -MT"Drivers/STM32F4xx_HAL_Driver/Src/stm32f4xx_hal_pwr_ex.o" --specs=nano.specs -mfpu=fpv4-sp-d16 -mfloat-abi=hard -mthumb -o "Drivers/STM32F4xx_HAL_Driver/Src/stm32f4xx_hal_pwr_ex.o"
arm-none-eabi-gcc "../Drivers/STM32F4xx_HAL_Driver/Src/stm32f4xx_hal_rcc.c" -mcpu=cortex-m4 -std=gnu11 -g3 -DUSE_HAL_DRIVER -DSTM32F401xE -DDEBUG -c -I../Core/Inc -I../Drivers/STM32F4xx_HAL_Driver/Inc -I../Drivers/STM32F4xx_HAL_Driver/Inc/Legacy -I../Drivers/CMSIS/Device/ST/STM32F4xx/Include -I../Drivers/CMSIS/Include -O0 -ffunction-sections -fdata-sections -Wall -fstack-usage -MMD -MP -MF"Drivers/STM32F4xx_HAL_Driver/Src/stm32f4xx_hal_rcc.d" -MT"Drivers/STM32F4xx_HAL_Driver/Src/stm32f4xx_hal_rcc.o" --specs=nano.specs -mfpu=fpv4-sp-d16 -mfloat-abi=hard -mthumb -o "Drivers/STM32F4xx_HAL_Driver/Src/stm32f4xx_hal_rcc.o"
arm-none-eabi-gcc "../Drivers/STM32F4xx_HAL_Driver/Src/stm32f4xx_hal_rcc_ex.c" -mcpu=cortex-m4 -std=gnu11 -g3 -DUSE_HAL_DRIVER -DSTM32F401xE -DDEBUG -c -I../Core/Inc -I../Drivers/STM32F4xx_HAL_Driver/Inc -I../Drivers/STM32F4xx_HAL_Driver/Inc/Legacy -I../Drivers/CMSIS/Device/ST/STM32F4xx/Include -I../Drivers/CMSIS/Include -O0 -ffunction-sections -fdata-sections -Wall -fstack-usage -MMD -MP -MF"Drivers/STM32F4xx_HAL_Driver/Src/stm32f4xx_hal_rcc_ex.d" -MT"Drivers/STM32F4xx_HAL_Driver/Src/stm32f4xx_hal_rcc_ex.o" --specs=nano.specs -mfpu=fpv4-sp-d16 -mfloat-abi=hard -mthumb -o "Drivers/STM32F4xx_HAL_Driver/Src/stm32f4xx_hal_rcc_ex.o"
arm-none-eabi-gcc "../Drivers/STM32F4xx_HAL_Driver/Src/stm32f4xx_hal_tim.c" -mcpu=cortex-m4 -std=gnu11 -g3 -DUSE_HAL_DRIVER -DSTM32F401xE -DDEBUG -c -I../Core/Inc -I../Drivers/STM32F4xx_HAL_Driver/Inc -I../Drivers/STM32F4xx_HAL_Driver/Inc/Legacy -I../Drivers/CMSIS/Device/ST/STM32F4xx/Include -I../Drivers/CMSIS/Include -O0 -ffunction-sections -fdata-sections -Wall -fstack-usage -MMD -MP -MF"Drivers/STM32F4xx_HAL_Driver/Src/stm32f4xx_hal_tim.d" -MT"Drivers/STM32F4xx_HAL_Driver/Src/stm32f4xx_hal_tim.o" --specs=nano.specs -mfpu=fpv4-sp-d16 -mfloat-abi=hard -mthumb -o "Drivers/STM32F4xx_HAL_Driver/Src/stm32f4xx_hal_tim.o"
arm-none-eabi-gcc "../Drivers/STM32F4xx_HAL_Driver/Src/stm32f4xx_hal_tim_ex.c" -mcpu=cortex-m4 -std=gnu11 -g3 -DUSE_HAL_DRIVER -DSTM32F401xE -DDEBUG -c -I../Core/Inc -I../Drivers/STM32F4xx_HAL_Driver/Inc -I../Drivers/STM32F4xx_HAL_Driver/Inc/Legacy -I../Drivers/CMSIS/Device/ST/STM32F4xx/Include -I../Drivers/CMSIS/Include -O0 -ffunction-sections -fdata-sections -Wall -fstack-usage -MMD -MP -MF"Drivers/STM32F4xx_HAL_Driver/Src/stm32f4xx_hal_tim_ex.d" -MT"Drivers/STM32F4xx_HAL_Driver/Src/stm32f4xx_hal_tim_ex.o" --specs=nano.specs -mfpu=fpv4-sp-d16 -mfloat-abi=hard -mthumb -o "Drivers/STM32F4xx_HAL_Driver/Src/stm32f4xx_hal_tim_ex.o"
arm-none-eabi-gcc -mcpu=cortex-m4 -g3 -c -x assembler-with-cpp -MMD -MP -MF"Core/Startup/startup_stm32f401retx.d" -MT"Core/Startup/startup_stm32f401retx.o" --specs=nano.specs -mfpu=fpv4-sp-d16 -mfloat-abi=hard -mthumb -o "Core/Startup/startup_stm32f401retx.o" "../Core/Startup/startup_stm32f401retx.s"
arm-none-eabi-gcc "../Core/Src/main.c" -mcpu=cortex-m4 -std=gnu11 -g3 -DUSE_HAL_DRIVER -DSTM32F401xE -DDEBUG -c -I../Core/Inc -I../Drivers/STM32F4xx_HAL_Driver/Inc -I../Drivers/STM32F4xx_HAL_Driver/Inc/Legacy -I../Drivers/CMSIS/Device/ST/STM32F4xx/Include -I../Drivers/CMSIS/Include -O0 -ffunction-sections -fdata-sections -Wall -fstack-usage -MMD -MP -MF"Core/Src/main.d" -MT"Core/Src/main.o" --specs=nano.specs -mfpu=fpv4-sp-d16 -mfloat-abi=hard -mthumb -o "Core/Src/main.o"
arm-none-eabi-gcc "../Core/Src/stm32f4xx_hal_msp.c" -mcpu=cortex-m4 -std=gnu11 -g3 -DUSE_HAL_DRIVER -DSTM32F401xE -DDEBUG -c -I../Core/Inc -I../Drivers/STM32F4xx_HAL_Driver/Inc -I../Drivers/STM32F4xx_HAL_Driver/Inc/Legacy -I../Drivers/CMSIS/Device/ST/STM32F4xx/Include -I../Drivers/CMSIS/Include -O0 -ffunction-sections -fdata-sections -Wall -fstack-usage -MMD -MP -MF"Core/Src/stm32f4xx_hal_msp.d" -MT"Core/Src/stm32f4xx_hal_msp.o" --specs=nano.specs -mfpu=fpv4-sp-d16 -mfloat-abi=hard -mthumb -o "Core/Src/stm32f4xx_hal_msp.o"
arm-none-eabi-gcc "../Core/Src/stm32f4xx_it.c" -mcpu=cortex-m4 -std=gnu11 -g3 -DUSE_HAL_DRIVER -DSTM32F401xE -DDEBUG -c -I../Core/Inc -I../Drivers/STM32F4xx_HAL_Driver/Inc -I../Drivers/STM32F4xx_HAL_Driver/Inc/Legacy -I../Drivers/CMSIS/Device/ST/STM32F4xx/Include -I../Drivers/CMSIS/Include -O0 -ffunction-sections -fdata-sections -Wall -fstack-usage -MMD -MP -MF"Core/Src/stm32f4xx_it.d" -MT"Core/Src/stm32f4xx_it.o" --specs=nano.specs -mfpu=fpv4-sp-d16 -mfloat-abi=hard -mthumb -o "Core/Src/stm32f4xx_it.o"
arm-none-eabi-gcc "../Core/Src/syscalls.c" -mcpu=cortex-m4 -std=gnu11 -g3 -DUSE_HAL_DRIVER -DSTM32F401xE -DDEBUG -c -I../Core/Inc -I../Drivers/STM32F4xx_HAL_Driver/Inc -I../Drivers/STM32F4xx_HAL_Driver/Inc/Legacy -I../Drivers/CMSIS/Device/ST/STM32F4xx/Include -I../Drivers/CMSIS/Include -O0 -ffunction-sections -fdata-sections -Wall -fstack-usage -MMD -MP -MF"Core/Src/syscalls.d" -MT"Core/Src/syscalls.o" --specs=nano.specs -mfpu=fpv4-sp-d16 -mfloat-abi=hard -mthumb -o "Core/Src/syscalls.o"
arm-none-eabi-gcc "../Core/Src/sysmem.c" -mcpu=cortex-m4 -std=gnu11 -g3 -DUSE_HAL_DRIVER -DSTM32F401xE -DDEBUG -c -I../Core/Inc -I../Drivers/STM32F4xx_HAL_Driver/Inc -I../Drivers/STM32F4xx_HAL_Driver/Inc/Legacy -I../Drivers/CMSIS/Device/ST/STM32F4xx/Include -I../Drivers/CMSIS/Include -O0 -ffunction-sections -fdata-sections -Wall -fstack-usage -MMD -MP -MF"Core/Src/sysmem.d" -MT"Core/Src/sysmem.o" --specs=nano.specs -mfpu=fpv4-sp-d16 -mfloat-abi=hard -mthumb -o "Core/Src/sysmem.o"
arm-none-eabi-gcc "../Core/Src/system_stm32f4xx.c" -mcpu=cortex-m4 -std=gnu11 -g3 -DUSE_HAL_DRIVER -DSTM32F401xE -DDEBUG -c -I../Core/Inc -I../Drivers/STM32F4xx_HAL_Driver/Inc -I../Drivers/STM32F4xx_HAL_Driver/Inc/Legacy -I../Drivers/CMSIS/Device/ST/STM32F4xx/Include -I../Drivers/CMSIS/Include -O0 -ffunction-sections -fdata-sections -Wall -fstack-usage -MMD -MP -MF"Core/Src/system_stm32f4xx.d" -MT"Core/Src/system_stm32f4xx.o" --specs=nano.specs -mfpu=fpv4-sp-d16 -mfloat-abi=hard -mthumb -o "Core/Src/system_stm32f4xx.o"
arm-none-eabi-gcc -o "dc_motor.elf" @"objects.list"   -mcpu=cortex-m4 -T"C:\Users\wojta\Documents\arm_driver_pkg\STM32F401RETX_FLASH.ld" --specs=nosys.specs -Wl,-Map="dc_motor.map" -Wl,--gc-sections -static --specs=nano.specs -mfpu=fpv4-sp-d16 -mfloat-abi=hard -mthumb -Wl,--start-group -lc -lm -Wl,--end-group
Finished building target: dc_motor.elf
 
arm-none-eabi-size   dc_motor.elf 
arm-none-eabi-objdump -h -S  dc_motor.elf  > "dc_motor.list"
arm-none-eabi-objcopy  -O binary  dc_motor.elf  "dc_motor.bin"
   text	   data	    bss	    dec	    hex	filename
   9416	     20	   1636	  11072	   2b40	dc_motor.elf
Finished building: default.size.stdout
 
Finished building: dc_motor.bin
 
Finished building: dc_motor.list
 
16:37:16 **** Incremental Build of configuration Debug for project dc_motor ****
make -j8 all 
arm-none-eabi-size   dc_motor.elf 
   text	   data	    bss	    dec	    hex	filename
   9416	     20	   1636	  11072	   2b40	dc_motor.elf
Finished building: default.size.stdout
 
16:37:37 **** Incremental Build of configuration Debug for project dc_motor ****
make -j8 all 
arm-none-eabi-size   dc_motor.elf 
   text	   data	    bss	    dec	    hex	filename
   9416	     20	   1636	  11072	   2b40	dc_motor.elf
Finished building: default.size.stdout
 
16:38:36 **** Incremental Build of configuration Debug for project dc_motor ****
make -j8 all 
arm-none-eabi-size   dc_motor.elf 
   text	   data	    bss	    dec	    hex	filename
   9416	     20	   1636	  11072	   2b40	dc_motor.elf
Finished building: default.size.stdout
 
16:38:47 **** Incremental Build of configuration Debug for project dc_motor ****
make -j8 all 
arm-none-eabi-size   dc_motor.elf 
   text	   data	    bss	    dec	    hex	filename
   9416	     20	   1636	  11072	   2b40	dc_motor.elf
Finished building: default.size.stdout
 
16:39:14 **** Incremental Build of configuration Debug for project dc_motor ****
make -j8 all 
arm-none-eabi-gcc "../Core/Src/main.c" -mcpu=cortex-m4 -std=gnu11 -g3 -DUSE_HAL_DRIVER -DSTM32F401xE -DDEBUG -c -I../Core/Inc -I../Drivers/STM32F4xx_HAL_Driver/Inc -I../Drivers/STM32F4xx_HAL_Driver/Inc/Legacy -I../Drivers/CMSIS/Device/ST/STM32F4xx/Include -I../Drivers/CMSIS/Include -O0 -ffunction-sections -fdata-sections -Wall -fstack-usage -MMD -MP -MF"Core/Src/main.d" -MT"Core/Src/main.o" --specs=nano.specs -mfpu=fpv4-sp-d16 -mfloat-abi=hard -mthumb -o "Core/Src/main.o"
arm-none-eabi-gcc -o "dc_motor.elf" @"objects.list"   -mcpu=cortex-m4 -T"C:\Users\wojta\Documents\arm_driver_pkg\STM32F401RETX_FLASH.ld" --specs=nosys.specs -Wl,-Map="dc_motor.map" -Wl,--gc-sections -static --specs=nano.specs -mfpu=fpv4-sp-d16 -mfloat-abi=hard -mthumb -Wl,--start-group -lc -lm -Wl,--end-group
Finished building target: dc_motor.elf
 
arm-none-eabi-objdump -h -S  dc_motor.elf  > "dc_motor.list"
arm-none-eabi-objcopy  -O binary  dc_motor.elf  "dc_motor.bin"
arm-none-eabi-size   dc_motor.elf 
   text	   data	    bss	    dec	    hex	filename
   9416	     20	   1636	  11072	   2b40	dc_motor.elf
Finished building: default.size.stdout
 
Finished building: dc_motor.bin
 
Finished building: dc_motor.list
 
16:40:07 **** Incremental Build of configuration Debug for project dc_motor ****
make -j8 all 
arm-none-eabi-gcc "../Core/Src/main.c" -mcpu=cortex-m4 -std=gnu11 -g3 -DUSE_HAL_DRIVER -DSTM32F401xE -DDEBUG -c -I../Core/Inc -I../Drivers/STM32F4xx_HAL_Driver/Inc -I../Drivers/STM32F4xx_HAL_Driver/Inc/Legacy -I../Drivers/CMSIS/Device/ST/STM32F4xx/Include -I../Drivers/CMSIS/Include -O0 -ffunction-sections -fdata-sections -Wall -fstack-usage -MMD -MP -MF"Core/Src/main.d" -MT"Core/Src/main.o" --specs=nano.specs -mfpu=fpv4-sp-d16 -mfloat-abi=hard -mthumb -o "Core/Src/main.o"
arm-none-eabi-gcc -o "dc_motor.elf" @"objects.list"   -mcpu=cortex-m4 -T"C:\Users\wojta\Documents\arm_driver_pkg\STM32F401RETX_FLASH.ld" --specs=nosys.specs -Wl,-Map="dc_motor.map" -Wl,--gc-sections -static --specs=nano.specs -mfpu=fpv4-sp-d16 -mfloat-abi=hard -mthumb -Wl,--start-group -lc -lm -Wl,--end-group
Finished building target: dc_motor.elf
 
arm-none-eabi-objdump -h -S  dc_motor.elf  > "dc_motor.list"
arm-none-eabi-objcopy  -O binary  dc_motor.elf  "dc_motor.bin"
arm-none-eabi-size   dc_motor.elf 
   text	   data	    bss	    dec	    hex	filename
   9492	     20	   1636	  11148	   2b8c	dc_motor.elf
Finished building: default.size.stdout
 
Finished building: dc_motor.bin
 
Finished building: dc_motor.list
 
16:41:49 **** Incremental Build of configuration Debug for project dc_motor ****
make -j8 all 
arm-none-eabi-gcc "../Core/Src/main.c" -mcpu=cortex-m4 -std=gnu11 -g3 -DUSE_HAL_DRIVER -DSTM32F401xE -DDEBUG -c -I../Core/Inc -I../Drivers/STM32F4xx_HAL_Driver/Inc -I../Drivers/STM32F4xx_HAL_Driver/Inc/Legacy -I../Drivers/CMSIS/Device/ST/STM32F4xx/Include -I../Drivers/CMSIS/Include -O0 -ffunction-sections -fdata-sections -Wall -fstack-usage -MMD -MP -MF"Core/Src/main.d" -MT"Core/Src/main.o" --specs=nano.specs -mfpu=fpv4-sp-d16 -mfloat-abi=hard -mthumb -o "Core/Src/main.o"
arm-none-eabi-gcc -o "dc_motor.elf" @"objects.list"   -mcpu=cortex-m4 -T"C:\Users\wojta\Documents\arm_driver_pkg\STM32F401RETX_FLASH.ld" --specs=nosys.specs -Wl,-Map="dc_motor.map" -Wl,--gc-sections -static --specs=nano.specs -mfpu=fpv4-sp-d16 -mfloat-abi=hard -mthumb -Wl,--start-group -lc -lm -Wl,--end-group
Finished building target: dc_motor.elf
 
arm-none-eabi-objdump -h -S  dc_motor.elf  > "dc_motor.list"
arm-none-eabi-objcopy  -O binary  dc_motor.elf  "dc_motor.bin"
arm-none-eabi-size   dc_motor.elf 
   text	   data	    bss	    dec	    hex	filename
   9568	     20	   1636	  11224	   2bd8	dc_motor.elf
Finished building: default.size.stdout
 
Finished building: dc_motor.bin
 
Finished building: dc_motor.list
 
16:42:14 **** Incremental Build of configuration Debug for project dc_motor ****
make -j8 all 
arm-none-eabi-gcc "../Core/Src/main.c" -mcpu=cortex-m4 -std=gnu11 -g3 -DUSE_HAL_DRIVER -DSTM32F401xE -DDEBUG -c -I../Core/Inc -I../Drivers/STM32F4xx_HAL_Driver/Inc -I../Drivers/STM32F4xx_HAL_Driver/Inc/Legacy -I../Drivers/CMSIS/Device/ST/STM32F4xx/Include -I../Drivers/CMSIS/Include -O0 -ffunction-sections -fdata-sections -Wall -fstack-usage -MMD -MP -MF"Core/Src/main.d" -MT"Core/Src/main.o" --specs=nano.specs -mfpu=fpv4-sp-d16 -mfloat-abi=hard -mthumb -o "Core/Src/main.o"
arm-none-eabi-gcc -o "dc_motor.elf" @"objects.list"   -mcpu=cortex-m4 -T"C:\Users\wojta\Documents\arm_driver_pkg\STM32F401RETX_FLASH.ld" --specs=nosys.specs -Wl,-Map="dc_motor.map" -Wl,--gc-sections -static --specs=nano.specs -mfpu=fpv4-sp-d16 -mfloat-abi=hard -mthumb -Wl,--start-group -lc -lm -Wl,--end-group
Finished building target: dc_motor.elf
 
arm-none-eabi-objdump -h -S  dc_motor.elf  > "dc_motor.list"
arm-none-eabi-objcopy  -O binary  dc_motor.elf  "dc_motor.bin"
arm-none-eabi-size   dc_motor.elf 
   text	   data	    bss	    dec	    hex	filename
   9576	     20	   1636	  11232	   2be0	dc_motor.elf
Finished building: default.size.stdout
 
Finished building: dc_motor.bin
 
Finished building: dc_motor.list
 
16:42:42 **** Incremental Build of configuration Debug for project dc_motor ****
make -j8 all 
arm-none-eabi-size   dc_motor.elf 
   text	   data	    bss	    dec	    hex	filename
   9576	     20	   1636	  11232	   2be0	dc_motor.elf
Finished building: default.size.stdout
 
17:00:36 **** Build of configuration Debug for project dc_control ****
make -j8 all 
arm-none-eabi-gcc "../Drivers/STM32F4xx_HAL_Driver/Src/stm32f4xx_hal.c" -mcpu=cortex-m4 -std=gnu11 -g3 -DUSE_HAL_DRIVER -DSTM32F401xE -DDEBUG -c -I../Core/Inc -I../Drivers/STM32F4xx_HAL_Driver/Inc -I../Drivers/STM32F4xx_HAL_Driver/Inc/Legacy -I../Drivers/CMSIS/Device/ST/STM32F4xx/Include -I../Drivers/CMSIS/Include -O0 -ffunction-sections -fdata-sections -Wall -fstack-usage -MMD -MP -MF"Drivers/STM32F4xx_HAL_Driver/Src/stm32f4xx_hal.d" -MT"Drivers/STM32F4xx_HAL_Driver/Src/stm32f4xx_hal.o" --specs=nano.specs -mfpu=fpv4-sp-d16 -mfloat-abi=hard -mthumb -o "Drivers/STM32F4xx_HAL_Driver/Src/stm32f4xx_hal.o"
arm-none-eabi-gcc "../Drivers/STM32F4xx_HAL_Driver/Src/stm32f4xx_hal_cortex.c" -mcpu=cortex-m4 -std=gnu11 -g3 -DUSE_HAL_DRIVER -DSTM32F401xE -DDEBUG -c -I../Core/Inc -I../Drivers/STM32F4xx_HAL_Driver/Inc -I../Drivers/STM32F4xx_HAL_Driver/Inc/Legacy -I../Drivers/CMSIS/Device/ST/STM32F4xx/Include -I../Drivers/CMSIS/Include -O0 -ffunction-sections -fdata-sections -Wall -fstack-usage -MMD -MP -MF"Drivers/STM32F4xx_HAL_Driver/Src/stm32f4xx_hal_cortex.d" -MT"Drivers/STM32F4xx_HAL_Driver/Src/stm32f4xx_hal_cortex.o" --specs=nano.specs -mfpu=fpv4-sp-d16 -mfloat-abi=hard -mthumb -o "Drivers/STM32F4xx_HAL_Driver/Src/stm32f4xx_hal_cortex.o"
arm-none-eabi-gcc "../Drivers/STM32F4xx_HAL_Driver/Src/stm32f4xx_hal_dma.c" -mcpu=cortex-m4 -std=gnu11 -g3 -DUSE_HAL_DRIVER -DSTM32F401xE -DDEBUG -c -I../Core/Inc -I../Drivers/STM32F4xx_HAL_Driver/Inc -I../Drivers/STM32F4xx_HAL_Driver/Inc/Legacy -I../Drivers/CMSIS/Device/ST/STM32F4xx/Include -I../Drivers/CMSIS/Include -O0 -ffunction-sections -fdata-sections -Wall -fstack-usage -MMD -MP -MF"Drivers/STM32F4xx_HAL_Driver/Src/stm32f4xx_hal_dma.d" -MT"Drivers/STM32F4xx_HAL_Driver/Src/stm32f4xx_hal_dma.o" --specs=nano.specs -mfpu=fpv4-sp-d16 -mfloat-abi=hard -mthumb -o "Drivers/STM32F4xx_HAL_Driver/Src/stm32f4xx_hal_dma.o"
arm-none-eabi-gcc "../Drivers/STM32F4xx_HAL_Driver/Src/stm32f4xx_hal_dma_ex.c" -mcpu=cortex-m4 -std=gnu11 -g3 -DUSE_HAL_DRIVER -DSTM32F401xE -DDEBUG -c -I../Core/Inc -I../Drivers/STM32F4xx_HAL_Driver/Inc -I../Drivers/STM32F4xx_HAL_Driver/Inc/Legacy -I../Drivers/CMSIS/Device/ST/STM32F4xx/Include -I../Drivers/CMSIS/Include -O0 -ffunction-sections -fdata-sections -Wall -fstack-usage -MMD -MP -MF"Drivers/STM32F4xx_HAL_Driver/Src/stm32f4xx_hal_dma_ex.d" -MT"Drivers/STM32F4xx_HAL_Driver/Src/stm32f4xx_hal_dma_ex.o" --specs=nano.specs -mfpu=fpv4-sp-d16 -mfloat-abi=hard -mthumb -o "Drivers/STM32F4xx_HAL_Driver/Src/stm32f4xx_hal_dma_ex.o"
arm-none-eabi-gcc "../Drivers/STM32F4xx_HAL_Driver/Src/stm32f4xx_hal_exti.c" -mcpu=cortex-m4 -std=gnu11 -g3 -DUSE_HAL_DRIVER -DSTM32F401xE -DDEBUG -c -I../Core/Inc -I../Drivers/STM32F4xx_HAL_Driver/Inc -I../Drivers/STM32F4xx_HAL_Driver/Inc/Legacy -I../Drivers/CMSIS/Device/ST/STM32F4xx/Include -I../Drivers/CMSIS/Include -O0 -ffunction-sections -fdata-sections -Wall -fstack-usage -MMD -MP -MF"Drivers/STM32F4xx_HAL_Driver/Src/stm32f4xx_hal_exti.d" -MT"Drivers/STM32F4xx_HAL_Driver/Src/stm32f4xx_hal_exti.o" --specs=nano.specs -mfpu=fpv4-sp-d16 -mfloat-abi=hard -mthumb -o "Drivers/STM32F4xx_HAL_Driver/Src/stm32f4xx_hal_exti.o"
arm-none-eabi-gcc "../Drivers/STM32F4xx_HAL_Driver/Src/stm32f4xx_hal_flash.c" -mcpu=cortex-m4 -std=gnu11 -g3 -DUSE_HAL_DRIVER -DSTM32F401xE -DDEBUG -c -I../Core/Inc -I../Drivers/STM32F4xx_HAL_Driver/Inc -I../Drivers/STM32F4xx_HAL_Driver/Inc/Legacy -I../Drivers/CMSIS/Device/ST/STM32F4xx/Include -I../Drivers/CMSIS/Include -O0 -ffunction-sections -fdata-sections -Wall -fstack-usage -MMD -MP -MF"Drivers/STM32F4xx_HAL_Driver/Src/stm32f4xx_hal_flash.d" -MT"Drivers/STM32F4xx_HAL_Driver/Src/stm32f4xx_hal_flash.o" --specs=nano.specs -mfpu=fpv4-sp-d16 -mfloat-abi=hard -mthumb -o "Drivers/STM32F4xx_HAL_Driver/Src/stm32f4xx_hal_flash.o"
arm-none-eabi-gcc "../Drivers/STM32F4xx_HAL_Driver/Src/stm32f4xx_hal_flash_ex.c" -mcpu=cortex-m4 -std=gnu11 -g3 -DUSE_HAL_DRIVER -DSTM32F401xE -DDEBUG -c -I../Core/Inc -I../Drivers/STM32F4xx_HAL_Driver/Inc -I../Drivers/STM32F4xx_HAL_Driver/Inc/Legacy -I../Drivers/CMSIS/Device/ST/STM32F4xx/Include -I../Drivers/CMSIS/Include -O0 -ffunction-sections -fdata-sections -Wall -fstack-usage -MMD -MP -MF"Drivers/STM32F4xx_HAL_Driver/Src/stm32f4xx_hal_flash_ex.d" -MT"Drivers/STM32F4xx_HAL_Driver/Src/stm32f4xx_hal_flash_ex.o" --specs=nano.specs -mfpu=fpv4-sp-d16 -mfloat-abi=hard -mthumb -o "Drivers/STM32F4xx_HAL_Driver/Src/stm32f4xx_hal_flash_ex.o"
arm-none-eabi-gcc "../Drivers/STM32F4xx_HAL_Driver/Src/stm32f4xx_hal_flash_ramfunc.c" -mcpu=cortex-m4 -std=gnu11 -g3 -DUSE_HAL_DRIVER -DSTM32F401xE -DDEBUG -c -I../Core/Inc -I../Drivers/STM32F4xx_HAL_Driver/Inc -I../Drivers/STM32F4xx_HAL_Driver/Inc/Legacy -I../Drivers/CMSIS/Device/ST/STM32F4xx/Include -I../Drivers/CMSIS/Include -O0 -ffunction-sections -fdata-sections -Wall -fstack-usage -MMD -MP -MF"Drivers/STM32F4xx_HAL_Driver/Src/stm32f4xx_hal_flash_ramfunc.d" -MT"Drivers/STM32F4xx_HAL_Driver/Src/stm32f4xx_hal_flash_ramfunc.o" --specs=nano.specs -mfpu=fpv4-sp-d16 -mfloat-abi=hard -mthumb -o "Drivers/STM32F4xx_HAL_Driver/Src/stm32f4xx_hal_flash_ramfunc.o"
arm-none-eabi-gcc "../Drivers/STM32F4xx_HAL_Driver/Src/stm32f4xx_hal_gpio.c" -mcpu=cortex-m4 -std=gnu11 -g3 -DUSE_HAL_DRIVER -DSTM32F401xE -DDEBUG -c -I../Core/Inc -I../Drivers/STM32F4xx_HAL_Driver/Inc -I../Drivers/STM32F4xx_HAL_Driver/Inc/Legacy -I../Drivers/CMSIS/Device/ST/STM32F4xx/Include -I../Drivers/CMSIS/Include -O0 -ffunction-sections -fdata-sections -Wall -fstack-usage -MMD -MP -MF"Drivers/STM32F4xx_HAL_Driver/Src/stm32f4xx_hal_gpio.d" -MT"Drivers/STM32F4xx_HAL_Driver/Src/stm32f4xx_hal_gpio.o" --specs=nano.specs -mfpu=fpv4-sp-d16 -mfloat-abi=hard -mthumb -o "Drivers/STM32F4xx_HAL_Driver/Src/stm32f4xx_hal_gpio.o"
arm-none-eabi-gcc "../Drivers/STM32F4xx_HAL_Driver/Src/stm32f4xx_hal_pwr.c" -mcpu=cortex-m4 -std=gnu11 -g3 -DUSE_HAL_DRIVER -DSTM32F401xE -DDEBUG -c -I../Core/Inc -I../Drivers/STM32F4xx_HAL_Driver/Inc -I../Drivers/STM32F4xx_HAL_Driver/Inc/Legacy -I../Drivers/CMSIS/Device/ST/STM32F4xx/Include -I../Drivers/CMSIS/Include -O0 -ffunction-sections -fdata-sections -Wall -fstack-usage -MMD -MP -MF"Drivers/STM32F4xx_HAL_Driver/Src/stm32f4xx_hal_pwr.d" -MT"Drivers/STM32F4xx_HAL_Driver/Src/stm32f4xx_hal_pwr.o" --specs=nano.specs -mfpu=fpv4-sp-d16 -mfloat-abi=hard -mthumb -o "Drivers/STM32F4xx_HAL_Driver/Src/stm32f4xx_hal_pwr.o"
arm-none-eabi-gcc "../Drivers/STM32F4xx_HAL_Driver/Src/stm32f4xx_hal_pwr_ex.c" -mcpu=cortex-m4 -std=gnu11 -g3 -DUSE_HAL_DRIVER -DSTM32F401xE -DDEBUG -c -I../Core/Inc -I../Drivers/STM32F4xx_HAL_Driver/Inc -I../Drivers/STM32F4xx_HAL_Driver/Inc/Legacy -I../Drivers/CMSIS/Device/ST/STM32F4xx/Include -I../Drivers/CMSIS/Include -O0 -ffunction-sections -fdata-sections -Wall -fstack-usage -MMD -MP -MF"Drivers/STM32F4xx_HAL_Driver/Src/stm32f4xx_hal_pwr_ex.d" -MT"Drivers/STM32F4xx_HAL_Driver/Src/stm32f4xx_hal_pwr_ex.o" --specs=nano.specs -mfpu=fpv4-sp-d16 -mfloat-abi=hard -mthumb -o "Drivers/STM32F4xx_HAL_Driver/Src/stm32f4xx_hal_pwr_ex.o"
arm-none-eabi-gcc "../Drivers/STM32F4xx_HAL_Driver/Src/stm32f4xx_hal_rcc.c" -mcpu=cortex-m4 -std=gnu11 -g3 -DUSE_HAL_DRIVER -DSTM32F401xE -DDEBUG -c -I../Core/Inc -I../Drivers/STM32F4xx_HAL_Driver/Inc -I../Drivers/STM32F4xx_HAL_Driver/Inc/Legacy -I../Drivers/CMSIS/Device/ST/STM32F4xx/Include -I../Drivers/CMSIS/Include -O0 -ffunction-sections -fdata-sections -Wall -fstack-usage -MMD -MP -MF"Drivers/STM32F4xx_HAL_Driver/Src/stm32f4xx_hal_rcc.d" -MT"Drivers/STM32F4xx_HAL_Driver/Src/stm32f4xx_hal_rcc.o" --specs=nano.specs -mfpu=fpv4-sp-d16 -mfloat-abi=hard -mthumb -o "Drivers/STM32F4xx_HAL_Driver/Src/stm32f4xx_hal_rcc.o"
arm-none-eabi-gcc "../Drivers/STM32F4xx_HAL_Driver/Src/stm32f4xx_hal_rcc_ex.c" -mcpu=cortex-m4 -std=gnu11 -g3 -DUSE_HAL_DRIVER -DSTM32F401xE -DDEBUG -c -I../Core/Inc -I../Drivers/STM32F4xx_HAL_Driver/Inc -I../Drivers/STM32F4xx_HAL_Driver/Inc/Legacy -I../Drivers/CMSIS/Device/ST/STM32F4xx/Include -I../Drivers/CMSIS/Include -O0 -ffunction-sections -fdata-sections -Wall -fstack-usage -MMD -MP -MF"Drivers/STM32F4xx_HAL_Driver/Src/stm32f4xx_hal_rcc_ex.d" -MT"Drivers/STM32F4xx_HAL_Driver/Src/stm32f4xx_hal_rcc_ex.o" --specs=nano.specs -mfpu=fpv4-sp-d16 -mfloat-abi=hard -mthumb -o "Drivers/STM32F4xx_HAL_Driver/Src/stm32f4xx_hal_rcc_ex.o"
arm-none-eabi-gcc "../Drivers/STM32F4xx_HAL_Driver/Src/stm32f4xx_hal_tim.c" -mcpu=cortex-m4 -std=gnu11 -g3 -DUSE_HAL_DRIVER -DSTM32F401xE -DDEBUG -c -I../Core/Inc -I../Drivers/STM32F4xx_HAL_Driver/Inc -I../Drivers/STM32F4xx_HAL_Driver/Inc/Legacy -I../Drivers/CMSIS/Device/ST/STM32F4xx/Include -I../Drivers/CMSIS/Include -O0 -ffunction-sections -fdata-sections -Wall -fstack-usage -MMD -MP -MF"Drivers/STM32F4xx_HAL_Driver/Src/stm32f4xx_hal_tim.d" -MT"Drivers/STM32F4xx_HAL_Driver/Src/stm32f4xx_hal_tim.o" --specs=nano.specs -mfpu=fpv4-sp-d16 -mfloat-abi=hard -mthumb -o "Drivers/STM32F4xx_HAL_Driver/Src/stm32f4xx_hal_tim.o"
arm-none-eabi-gcc "../Drivers/STM32F4xx_HAL_Driver/Src/stm32f4xx_hal_tim_ex.c" -mcpu=cortex-m4 -std=gnu11 -g3 -DUSE_HAL_DRIVER -DSTM32F401xE -DDEBUG -c -I../Core/Inc -I../Drivers/STM32F4xx_HAL_Driver/Inc -I../Drivers/STM32F4xx_HAL_Driver/Inc/Legacy -I../Drivers/CMSIS/Device/ST/STM32F4xx/Include -I../Drivers/CMSIS/Include -O0 -ffunction-sections -fdata-sections -Wall -fstack-usage -MMD -MP -MF"Drivers/STM32F4xx_HAL_Driver/Src/stm32f4xx_hal_tim_ex.d" -MT"Drivers/STM32F4xx_HAL_Driver/Src/stm32f4xx_hal_tim_ex.o" --specs=nano.specs -mfpu=fpv4-sp-d16 -mfloat-abi=hard -mthumb -o "Drivers/STM32F4xx_HAL_Driver/Src/stm32f4xx_hal_tim_ex.o"
arm-none-eabi-gcc -mcpu=cortex-m4 -g3 -c -x assembler-with-cpp -MMD -MP -MF"Core/Startup/startup_stm32f401retx.d" -MT"Core/Startup/startup_stm32f401retx.o" --specs=nano.specs -mfpu=fpv4-sp-d16 -mfloat-abi=hard -mthumb -o "Core/Startup/startup_stm32f401retx.o" "../Core/Startup/startup_stm32f401retx.s"
arm-none-eabi-gcc "../Core/Src/main.c" -mcpu=cortex-m4 -std=gnu11 -g3 -DUSE_HAL_DRIVER -DSTM32F401xE -DDEBUG -c -I../Core/Inc -I../Drivers/STM32F4xx_HAL_Driver/Inc -I../Drivers/STM32F4xx_HAL_Driver/Inc/Legacy -I../Drivers/CMSIS/Device/ST/STM32F4xx/Include -I../Drivers/CMSIS/Include -O0 -ffunction-sections -fdata-sections -Wall -fstack-usage -MMD -MP -MF"Core/Src/main.d" -MT"Core/Src/main.o" --specs=nano.specs -mfpu=fpv4-sp-d16 -mfloat-abi=hard -mthumb -o "Core/Src/main.o"
arm-none-eabi-gcc "../Core/Src/stm32f4xx_hal_msp.c" -mcpu=cortex-m4 -std=gnu11 -g3 -DUSE_HAL_DRIVER -DSTM32F401xE -DDEBUG -c -I../Core/Inc -I../Drivers/STM32F4xx_HAL_Driver/Inc -I../Drivers/STM32F4xx_HAL_Driver/Inc/Legacy -I../Drivers/CMSIS/Device/ST/STM32F4xx/Include -I../Drivers/CMSIS/Include -O0 -ffunction-sections -fdata-sections -Wall -fstack-usage -MMD -MP -MF"Core/Src/stm32f4xx_hal_msp.d" -MT"Core/Src/stm32f4xx_hal_msp.o" --specs=nano.specs -mfpu=fpv4-sp-d16 -mfloat-abi=hard -mthumb -o "Core/Src/stm32f4xx_hal_msp.o"
arm-none-eabi-gcc "../Core/Src/stm32f4xx_it.c" -mcpu=cortex-m4 -std=gnu11 -g3 -DUSE_HAL_DRIVER -DSTM32F401xE -DDEBUG -c -I../Core/Inc -I../Drivers/STM32F4xx_HAL_Driver/Inc -I../Drivers/STM32F4xx_HAL_Driver/Inc/Legacy -I../Drivers/CMSIS/Device/ST/STM32F4xx/Include -I../Drivers/CMSIS/Include -O0 -ffunction-sections -fdata-sections -Wall -fstack-usage -MMD -MP -MF"Core/Src/stm32f4xx_it.d" -MT"Core/Src/stm32f4xx_it.o" --specs=nano.specs -mfpu=fpv4-sp-d16 -mfloat-abi=hard -mthumb -o "Core/Src/stm32f4xx_it.o"
arm-none-eabi-gcc "../Core/Src/syscalls.c" -mcpu=cortex-m4 -std=gnu11 -g3 -DUSE_HAL_DRIVER -DSTM32F401xE -DDEBUG -c -I../Core/Inc -I../Drivers/STM32F4xx_HAL_Driver/Inc -I../Drivers/STM32F4xx_HAL_Driver/Inc/Legacy -I../Drivers/CMSIS/Device/ST/STM32F4xx/Include -I../Drivers/CMSIS/Include -O0 -ffunction-sections -fdata-sections -Wall -fstack-usage -MMD -MP -MF"Core/Src/syscalls.d" -MT"Core/Src/syscalls.o" --specs=nano.specs -mfpu=fpv4-sp-d16 -mfloat-abi=hard -mthumb -o "Core/Src/syscalls.o"
arm-none-eabi-gcc "../Core/Src/sysmem.c" -mcpu=cortex-m4 -std=gnu11 -g3 -DUSE_HAL_DRIVER -DSTM32F401xE -DDEBUG -c -I../Core/Inc -I../Drivers/STM32F4xx_HAL_Driver/Inc -I../Drivers/STM32F4xx_HAL_Driver/Inc/Legacy -I../Drivers/CMSIS/Device/ST/STM32F4xx/Include -I../Drivers/CMSIS/Include -O0 -ffunction-sections -fdata-sections -Wall -fstack-usage -MMD -MP -MF"Core/Src/sysmem.d" -MT"Core/Src/sysmem.o" --specs=nano.specs -mfpu=fpv4-sp-d16 -mfloat-abi=hard -mthumb -o "Core/Src/sysmem.o"
arm-none-eabi-gcc "../Core/Src/system_stm32f4xx.c" -mcpu=cortex-m4 -std=gnu11 -g3 -DUSE_HAL_DRIVER -DSTM32F401xE -DDEBUG -c -I../Core/Inc -I../Drivers/STM32F4xx_HAL_Driver/Inc -I../Drivers/STM32F4xx_HAL_Driver/Inc/Legacy -I../Drivers/CMSIS/Device/ST/STM32F4xx/Include -I../Drivers/CMSIS/Include -O0 -ffunction-sections -fdata-sections -Wall -fstack-usage -MMD -MP -MF"Core/Src/system_stm32f4xx.d" -MT"Core/Src/system_stm32f4xx.o" --specs=nano.specs -mfpu=fpv4-sp-d16 -mfloat-abi=hard -mthumb -o "Core/Src/system_stm32f4xx.o"
arm-none-eabi-gcc -o "dc_control.elf" @"objects.list"   -mcpu=cortex-m4 -T"C:\Users\wojta\STM32CubeIDE\workspace_1.5.1\dc_control\STM32F401RETX_FLASH.ld" --specs=nosys.specs -Wl,-Map="dc_control.map" -Wl,--gc-sections -static --specs=nano.specs -mfpu=fpv4-sp-d16 -mfloat-abi=hard -mthumb -Wl,--start-group -lc -lm -Wl,--end-group
Finished building target: dc_control.elf
 
arm-none-eabi-size   dc_control.elf 
arm-none-eabi-objdump -h -S  dc_control.elf  > "dc_control.list"
arm-none-eabi-objcopy  -O binary  dc_control.elf  "dc_control.bin"
   text	   data	    bss	    dec	    hex	filename
   9580	     20	   1636	  11236	   2be4	dc_control.elf
Finished building: default.size.stdout
 
Finished building: dc_control.bin
 
Finished building: dc_control.list
 
17:00:51 **** Incremental Build of configuration Debug for project dc_control ****
make -j8 all 
arm-none-eabi-size   dc_control.elf 
   text	   data	    bss	    dec	    hex	filename
   9580	     20	   1636	  11236	   2be4	dc_control.elf
Finished building: default.size.stdout
 
17:01:00 **** Incremental Build of configuration Debug for project dc_control ****
make -j8 all 
arm-none-eabi-size   dc_control.elf 
   text	   data	    bss	    dec	    hex	filename
   9580	     20	   1636	  11236	   2be4	dc_control.elf
Finished building: default.size.stdout
 
17:01:32 **** Incremental Build of configuration Debug for project dc_control ****
make -j8 all 
arm-none-eabi-size   dc_control.elf 
   text	   data	    bss	    dec	    hex	filename
   9580	     20	   1636	  11236	   2be4	dc_control.elf
Finished building: default.size.stdout
 
17:01:43 **** Incremental Build of configuration Debug for project dc_control ****
make -j8 all 
arm-none-eabi-gcc "../Core/Src/main.c" -mcpu=cortex-m4 -std=gnu11 -g3 -DUSE_HAL_DRIVER -DSTM32F401xE -DDEBUG -c -I../Core/Inc -I../Drivers/STM32F4xx_HAL_Driver/Inc -I../Drivers/STM32F4xx_HAL_Driver/Inc/Legacy -I../Drivers/CMSIS/Device/ST/STM32F4xx/Include -I../Drivers/CMSIS/Include -O0 -ffunction-sections -fdata-sections -Wall -fstack-usage -MMD -MP -MF"Core/Src/main.d" -MT"Core/Src/main.o" --specs=nano.specs -mfpu=fpv4-sp-d16 -mfloat-abi=hard -mthumb -o "Core/Src/main.o"
arm-none-eabi-gcc -o "dc_control.elf" @"objects.list"   -mcpu=cortex-m4 -T"C:\Users\wojta\STM32CubeIDE\workspace_1.5.1\dc_control\STM32F401RETX_FLASH.ld" --specs=nosys.specs -Wl,-Map="dc_control.map" -Wl,--gc-sections -static --specs=nano.specs -mfpu=fpv4-sp-d16 -mfloat-abi=hard -mthumb -Wl,--start-group -lc -lm -Wl,--end-group
Finished building target: dc_control.elf
 
arm-none-eabi-objdump -h -S  dc_control.elf  > "dc_control.list"
arm-none-eabi-objcopy  -O binary  dc_control.elf  "dc_control.bin"
arm-none-eabi-size   dc_control.elf 
   text	   data	    bss	    dec	    hex	filename
   9576	     20	   1636	  11232	   2be0	dc_control.elf
Finished building: default.size.stdout
 
Finished building: dc_control.bin
 
Finished building: dc_control.list
 
17:04:11 **** Incremental Build of configuration Debug for project dc_control ****
make -j8 all 
arm-none-eabi-gcc "../Core/Src/main.c" -mcpu=cortex-m4 -std=gnu11 -g3 -DUSE_HAL_DRIVER -DSTM32F401xE -DDEBUG -c -I../Core/Inc -I../Drivers/STM32F4xx_HAL_Driver/Inc -I../Drivers/STM32F4xx_HAL_Driver/Inc/Legacy -I../Drivers/CMSIS/Device/ST/STM32F4xx/Include -I../Drivers/CMSIS/Include -O0 -ffunction-sections -fdata-sections -Wall -fstack-usage -MMD -MP -MF"Core/Src/main.d" -MT"Core/Src/main.o" --specs=nano.specs -mfpu=fpv4-sp-d16 -mfloat-abi=hard -mthumb -o "Core/Src/main.o"
arm-none-eabi-gcc -o "dc_control.elf" @"objects.list"   -mcpu=cortex-m4 -T"C:\Users\wojta\STM32CubeIDE\workspace_1.5.1\dc_control\STM32F401RETX_FLASH.ld" --specs=nosys.specs -Wl,-Map="dc_control.map" -Wl,--gc-sections -static --specs=nano.specs -mfpu=fpv4-sp-d16 -mfloat-abi=hard -mthumb -Wl,--start-group -lc -lm -Wl,--end-group
Finished building target: dc_control.elf
 
arm-none-eabi-objdump -h -S  dc_control.elf  > "dc_control.list"
arm-none-eabi-objcopy  -O binary  dc_control.elf  "dc_control.bin"
arm-none-eabi-size   dc_control.elf 
   text	   data	    bss	    dec	    hex	filename
   9580	     20	   1636	  11236	   2be4	dc_control.elf
Finished building: default.size.stdout
 
Finished building: dc_control.bin
 
Finished building: dc_control.list
 
17:04:43 **** Incremental Build of configuration Debug for project dc_control ****
make -j8 all 
arm-none-eabi-gcc "../Core/Src/main.c" -mcpu=cortex-m4 -std=gnu11 -g3 -DUSE_HAL_DRIVER -DSTM32F401xE -DDEBUG -c -I../Core/Inc -I../Drivers/STM32F4xx_HAL_Driver/Inc -I../Drivers/STM32F4xx_HAL_Driver/Inc/Legacy -I../Drivers/CMSIS/Device/ST/STM32F4xx/Include -I../Drivers/CMSIS/Include -O0 -ffunction-sections -fdata-sections -Wall -fstack-usage -MMD -MP -MF"Core/Src/main.d" -MT"Core/Src/main.o" --specs=nano.specs -mfpu=fpv4-sp-d16 -mfloat-abi=hard -mthumb -o "Core/Src/main.o"
arm-none-eabi-gcc -o "dc_control.elf" @"objects.list"   -mcpu=cortex-m4 -T"C:\Users\wojta\STM32CubeIDE\workspace_1.5.1\dc_control\STM32F401RETX_FLASH.ld" --specs=nosys.specs -Wl,-Map="dc_control.map" -Wl,--gc-sections -static --specs=nano.specs -mfpu=fpv4-sp-d16 -mfloat-abi=hard -mthumb -Wl,--start-group -lc -lm -Wl,--end-group
Finished building target: dc_control.elf
 
arm-none-eabi-objdump -h -S  dc_control.elf  > "dc_control.list"
arm-none-eabi-objcopy  -O binary  dc_control.elf  "dc_control.bin"
arm-none-eabi-size   dc_control.elf 
   text	   data	    bss	    dec	    hex	filename
   9588	     20	   1636	  11244	   2bec	dc_control.elf
Finished building: default.size.stdout
 
Finished building: dc_control.bin
 
Finished building: dc_control.list
 
17:05:22 **** Incremental Build of configuration Debug for project dc_control ****
make -j8 all 
arm-none-eabi-gcc "../Core/Src/main.c" -mcpu=cortex-m4 -std=gnu11 -g3 -DUSE_HAL_DRIVER -DSTM32F401xE -DDEBUG -c -I../Core/Inc -I../Drivers/STM32F4xx_HAL_Driver/Inc -I../Drivers/STM32F4xx_HAL_Driver/Inc/Legacy -I../Drivers/CMSIS/Device/ST/STM32F4xx/Include -I../Drivers/CMSIS/Include -O0 -ffunction-sections -fdata-sections -Wall -fstack-usage -MMD -MP -MF"Core/Src/main.d" -MT"Core/Src/main.o" --specs=nano.specs -mfpu=fpv4-sp-d16 -mfloat-abi=hard -mthumb -o "Core/Src/main.o"
arm-none-eabi-gcc -o "dc_control.elf" @"objects.list"   -mcpu=cortex-m4 -T"C:\Users\wojta\STM32CubeIDE\workspace_1.5.1\dc_control\STM32F401RETX_FLASH.ld" --specs=nosys.specs -Wl,-Map="dc_control.map" -Wl,--gc-sections -static --specs=nano.specs -mfpu=fpv4-sp-d16 -mfloat-abi=hard -mthumb -Wl,--start-group -lc -lm -Wl,--end-group
Finished building target: dc_control.elf
 
arm-none-eabi-objdump -h -S  dc_control.elf  > "dc_control.list"
arm-none-eabi-objcopy  -O binary  dc_control.elf  "dc_control.bin"
arm-none-eabi-size   dc_control.elf 
   text	   data	    bss	    dec	    hex	filename
   9596	     20	   1636	  11252	   2bf4	dc_control.elf
Finished building: default.size.stdout
 
Finished building: dc_control.bin
 
Finished building: dc_control.list
 
17:05:47 **** Incremental Build of configuration Debug for project dc_control ****
make -j8 all 
arm-none-eabi-gcc "../Core/Src/main.c" -mcpu=cortex-m4 -std=gnu11 -g3 -DUSE_HAL_DRIVER -DSTM32F401xE -DDEBUG -c -I../Core/Inc -I../Drivers/STM32F4xx_HAL_Driver/Inc -I../Drivers/STM32F4xx_HAL_Driver/Inc/Legacy -I../Drivers/CMSIS/Device/ST/STM32F4xx/Include -I../Drivers/CMSIS/Include -O0 -ffunction-sections -fdata-sections -Wall -fstack-usage -MMD -MP -MF"Core/Src/main.d" -MT"Core/Src/main.o" --specs=nano.specs -mfpu=fpv4-sp-d16 -mfloat-abi=hard -mthumb -o "Core/Src/main.o"
arm-none-eabi-gcc -o "dc_control.elf" @"objects.list"   -mcpu=cortex-m4 -T"C:\Users\wojta\STM32CubeIDE\workspace_1.5.1\dc_control\STM32F401RETX_FLASH.ld" --specs=nosys.specs -Wl,-Map="dc_control.map" -Wl,--gc-sections -static --specs=nano.specs -mfpu=fpv4-sp-d16 -mfloat-abi=hard -mthumb -Wl,--start-group -lc -lm -Wl,--end-group
Finished building target: dc_control.elf
 
arm-none-eabi-objdump -h -S  dc_control.elf  > "dc_control.list"
arm-none-eabi-objcopy  -O binary  dc_control.elf  "dc_control.bin"
arm-none-eabi-size   dc_control.elf 
   text	   data	    bss	    dec	    hex	filename
   9588	     20	   1636	  11244	   2bec	dc_control.elf
Finished building: default.size.stdout
 
Finished building: dc_control.bin
 
Finished building: dc_control.list
 
17:06:25 **** Incremental Build of configuration Debug for project dc_control ****
make -j8 all 
arm-none-eabi-gcc "../Core/Src/main.c" -mcpu=cortex-m4 -std=gnu11 -g3 -DUSE_HAL_DRIVER -DSTM32F401xE -DDEBUG -c -I../Core/Inc -I../Drivers/STM32F4xx_HAL_Driver/Inc -I../Drivers/STM32F4xx_HAL_Driver/Inc/Legacy -I../Drivers/CMSIS/Device/ST/STM32F4xx/Include -I../Drivers/CMSIS/Include -O0 -ffunction-sections -fdata-sections -Wall -fstack-usage -MMD -MP -MF"Core/Src/main.d" -MT"Core/Src/main.o" --specs=nano.specs -mfpu=fpv4-sp-d16 -mfloat-abi=hard -mthumb -o "Core/Src/main.o"
arm-none-eabi-gcc -o "dc_control.elf" @"objects.list"   -mcpu=cortex-m4 -T"C:\Users\wojta\STM32CubeIDE\workspace_1.5.1\dc_control\STM32F401RETX_FLASH.ld" --specs=nosys.specs -Wl,-Map="dc_control.map" -Wl,--gc-sections -static --specs=nano.specs -mfpu=fpv4-sp-d16 -mfloat-abi=hard -mthumb -Wl,--start-group -lc -lm -Wl,--end-group
Finished building target: dc_control.elf
 
arm-none-eabi-objdump -h -S  dc_control.elf  > "dc_control.list"
arm-none-eabi-objcopy  -O binary  dc_control.elf  "dc_control.bin"
arm-none-eabi-size   dc_control.elf 
   text	   data	    bss	    dec	    hex	filename
   9604	     20	   1636	  11260	   2bfc	dc_control.elf
Finished building: default.size.stdout
 
Finished building: dc_control.bin
 
Finished building: dc_control.list
 
17:11:25 **** Incremental Build of configuration Debug for project dc_control ****
make -j8 all 
arm-none-eabi-gcc "../Core/Src/main.c" -mcpu=cortex-m4 -std=gnu11 -g3 -DUSE_HAL_DRIVER -DSTM32F401xE -DDEBUG -c -I../Core/Inc -I../Drivers/STM32F4xx_HAL_Driver/Inc -I../Drivers/STM32F4xx_HAL_Driver/Inc/Legacy -I../Drivers/CMSIS/Device/ST/STM32F4xx/Include -I../Drivers/CMSIS/Include -O0 -ffunction-sections -fdata-sections -Wall -fstack-usage -MMD -MP -MF"Core/Src/main.d" -MT"Core/Src/main.o" --specs=nano.specs -mfpu=fpv4-sp-d16 -mfloat-abi=hard -mthumb -o "Core/Src/main.o"
arm-none-eabi-gcc -o "dc_control.elf" @"objects.list"   -mcpu=cortex-m4 -T"C:\Users\wojta\STM32CubeIDE\workspace_1.5.1\dc_control\STM32F401RETX_FLASH.ld" --specs=nosys.specs -Wl,-Map="dc_control.map" -Wl,--gc-sections -static --specs=nano.specs -mfpu=fpv4-sp-d16 -mfloat-abi=hard -mthumb -Wl,--start-group -lc -lm -Wl,--end-group
Finished building target: dc_control.elf
 
arm-none-eabi-objdump -h -S  dc_control.elf  > "dc_control.list"
arm-none-eabi-objcopy  -O binary  dc_control.elf  "dc_control.bin"
arm-none-eabi-size   dc_control.elf 
   text	   data	    bss	    dec	    hex	filename
   9644	     20	   1636	  11300	   2c24	dc_control.elf
Finished building: default.size.stdout
 
Finished building: dc_control.bin
 
Finished building: dc_control.list
 
17:12:36 **** Incremental Build of configuration Debug for project dc_control ****
make -j8 all 
arm-none-eabi-gcc "../Core/Src/main.c" -mcpu=cortex-m4 -std=gnu11 -g3 -DUSE_HAL_DRIVER -DSTM32F401xE -DDEBUG -c -I../Core/Inc -I../Drivers/STM32F4xx_HAL_Driver/Inc -I../Drivers/STM32F4xx_HAL_Driver/Inc/Legacy -I../Drivers/CMSIS/Device/ST/STM32F4xx/Include -I../Drivers/CMSIS/Include -O0 -ffunction-sections -fdata-sections -Wall -fstack-usage -MMD -MP -MF"Core/Src/main.d" -MT"Core/Src/main.o" --specs=nano.specs -mfpu=fpv4-sp-d16 -mfloat-abi=hard -mthumb -o "Core/Src/main.o"
arm-none-eabi-gcc -o "dc_control.elf" @"objects.list"   -mcpu=cortex-m4 -T"C:\Users\wojta\STM32CubeIDE\workspace_1.5.1\dc_control\STM32F401RETX_FLASH.ld" --specs=nosys.specs -Wl,-Map="dc_control.map" -Wl,--gc-sections -static --specs=nano.specs -mfpu=fpv4-sp-d16 -mfloat-abi=hard -mthumb -Wl,--start-group -lc -lm -Wl,--end-group
Finished building target: dc_control.elf
 
arm-none-eabi-objdump -h -S  dc_control.elf  > "dc_control.list"
arm-none-eabi-objcopy  -O binary  dc_control.elf  "dc_control.bin"
arm-none-eabi-size   dc_control.elf 
   text	   data	    bss	    dec	    hex	filename
   9804	     20	   1636	  11460	   2cc4	dc_control.elf
Finished building: default.size.stdout
 
Finished building: dc_control.bin
 
Finished building: dc_control.list
 
17:14:11 **** Incremental Build of configuration Debug for project dc_control ****
make -j8 all 
arm-none-eabi-gcc "../Core/Src/main.c" -mcpu=cortex-m4 -std=gnu11 -g3 -DUSE_HAL_DRIVER -DSTM32F401xE -DDEBUG -c -I../Core/Inc -I../Drivers/STM32F4xx_HAL_Driver/Inc -I../Drivers/STM32F4xx_HAL_Driver/Inc/Legacy -I../Drivers/CMSIS/Device/ST/STM32F4xx/Include -I../Drivers/CMSIS/Include -O0 -ffunction-sections -fdata-sections -Wall -fstack-usage -MMD -MP -MF"Core/Src/main.d" -MT"Core/Src/main.o" --specs=nano.specs -mfpu=fpv4-sp-d16 -mfloat-abi=hard -mthumb -o "Core/Src/main.o"
arm-none-eabi-gcc -o "dc_control.elf" @"objects.list"   -mcpu=cortex-m4 -T"C:\Users\wojta\STM32CubeIDE\workspace_1.5.1\dc_control\STM32F401RETX_FLASH.ld" --specs=nosys.specs -Wl,-Map="dc_control.map" -Wl,--gc-sections -static --specs=nano.specs -mfpu=fpv4-sp-d16 -mfloat-abi=hard -mthumb -Wl,--start-group -lc -lm -Wl,--end-group
Finished building target: dc_control.elf
 
arm-none-eabi-objdump -h -S  dc_control.elf  > "dc_control.list"
arm-none-eabi-objcopy  -O binary  dc_control.elf  "dc_control.bin"
arm-none-eabi-size   dc_control.elf 
   text	   data	    bss	    dec	    hex	filename
   9812	     20	   1636	  11468	   2ccc	dc_control.elf
Finished building: default.size.stdout
 
Finished building: dc_control.bin
 
Finished building: dc_control.list
 
17:15:01 **** Incremental Build of configuration Debug for project dc_control ****
make -j8 all 
arm-none-eabi-gcc "../Core/Src/main.c" -mcpu=cortex-m4 -std=gnu11 -g3 -DUSE_HAL_DRIVER -DSTM32F401xE -DDEBUG -c -I../Core/Inc -I../Drivers/STM32F4xx_HAL_Driver/Inc -I../Drivers/STM32F4xx_HAL_Driver/Inc/Legacy -I../Drivers/CMSIS/Device/ST/STM32F4xx/Include -I../Drivers/CMSIS/Include -O0 -ffunction-sections -fdata-sections -Wall -fstack-usage -MMD -MP -MF"Core/Src/main.d" -MT"Core/Src/main.o" --specs=nano.specs -mfpu=fpv4-sp-d16 -mfloat-abi=hard -mthumb -o "Core/Src/main.o"
arm-none-eabi-gcc -o "dc_control.elf" @"objects.list"   -mcpu=cortex-m4 -T"C:\Users\wojta\STM32CubeIDE\workspace_1.5.1\dc_control\STM32F401RETX_FLASH.ld" --specs=nosys.specs -Wl,-Map="dc_control.map" -Wl,--gc-sections -static --specs=nano.specs -mfpu=fpv4-sp-d16 -mfloat-abi=hard -mthumb -Wl,--start-group -lc -lm -Wl,--end-group
Finished building target: dc_control.elf
 
arm-none-eabi-objdump -h -S  dc_control.elf  > "dc_control.list"
arm-none-eabi-objcopy  -O binary  dc_control.elf  "dc_control.bin"
arm-none-eabi-size   dc_control.elf 
   text	   data	    bss	    dec	    hex	filename
   9752	     20	   1636	  11408	   2c90	dc_control.elf
Finished building: default.size.stdout
 
Finished building: dc_control.bin
 
Finished building: dc_control.list
 
17:15:21 **** Incremental Build of configuration Debug for project dc_control ****
make -j8 all 
arm-none-eabi-size   dc_control.elf 
   text	   data	    bss	    dec	    hex	filename
   9752	     20	   1636	  11408	   2c90	dc_control.elf
Finished building: default.size.stdout
 
17:15:39 **** Incremental Build of configuration Debug for project dc_control ****
make -j8 all 
arm-none-eabi-gcc "../Core/Src/main.c" -mcpu=cortex-m4 -std=gnu11 -g3 -DUSE_HAL_DRIVER -DSTM32F401xE -DDEBUG -c -I../Core/Inc -I../Drivers/STM32F4xx_HAL_Driver/Inc -I../Drivers/STM32F4xx_HAL_Driver/Inc/Legacy -I../Drivers/CMSIS/Device/ST/STM32F4xx/Include -I../Drivers/CMSIS/Include -O0 -ffunction-sections -fdata-sections -Wall -fstack-usage -MMD -MP -MF"Core/Src/main.d" -MT"Core/Src/main.o" --specs=nano.specs -mfpu=fpv4-sp-d16 -mfloat-abi=hard -mthumb -o "Core/Src/main.o"
arm-none-eabi-gcc -o "dc_control.elf" @"objects.list"   -mcpu=cortex-m4 -T"C:\Users\wojta\STM32CubeIDE\workspace_1.5.1\dc_control\STM32F401RETX_FLASH.ld" --specs=nosys.specs -Wl,-Map="dc_control.map" -Wl,--gc-sections -static --specs=nano.specs -mfpu=fpv4-sp-d16 -mfloat-abi=hard -mthumb -Wl,--start-group -lc -lm -Wl,--end-group
Finished building target: dc_control.elf
 
arm-none-eabi-objdump -h -S  dc_control.elf  > "dc_control.list"
arm-none-eabi-objcopy  -O binary  dc_control.elf  "dc_control.bin"
arm-none-eabi-size   dc_control.elf 
   text	   data	    bss	    dec	    hex	filename
   9752	     20	   1636	  11408	   2c90	dc_control.elf
Finished building: default.size.stdout
 
Finished building: dc_control.bin
 
Finished building: dc_control.list
 
17:16:14 **** Incremental Build of configuration Debug for project dc_control ****
make -j8 all 
arm-none-eabi-gcc "../Core/Src/main.c" -mcpu=cortex-m4 -std=gnu11 -g3 -DUSE_HAL_DRIVER -DSTM32F401xE -DDEBUG -c -I../Core/Inc -I../Drivers/STM32F4xx_HAL_Driver/Inc -I../Drivers/STM32F4xx_HAL_Driver/Inc/Legacy -I../Drivers/CMSIS/Device/ST/STM32F4xx/Include -I../Drivers/CMSIS/Include -O0 -ffunction-sections -fdata-sections -Wall -fstack-usage -MMD -MP -MF"Core/Src/main.d" -MT"Core/Src/main.o" --specs=nano.specs -mfpu=fpv4-sp-d16 -mfloat-abi=hard -mthumb -o "Core/Src/main.o"
../Core/Src/main.c: In function 'main':
../Core/Src/main.c:105:6: warning: unused variable 'i' [-Wunused-variable]
  int i = 100 ;
      ^
arm-none-eabi-gcc -o "dc_control.elf" @"objects.list"   -mcpu=cortex-m4 -T"C:\Users\wojta\STM32CubeIDE\workspace_1.5.1\dc_control\STM32F401RETX_FLASH.ld" --specs=nosys.specs -Wl,-Map="dc_control.map" -Wl,--gc-sections -static --specs=nano.specs -mfpu=fpv4-sp-d16 -mfloat-abi=hard -mthumb -Wl,--start-group -lc -lm -Wl,--end-group
Finished building target: dc_control.elf
 
arm-none-eabi-objdump -h -S  dc_control.elf  > "dc_control.list"
arm-none-eabi-objcopy  -O binary  dc_control.elf  "dc_control.bin"
arm-none-eabi-size   dc_control.elf 
   text	   data	    bss	    dec	    hex	filename
   9492	     20	   1636	  11148	   2b8c	dc_control.elf
Finished building: default.size.stdout
 
Finished building: dc_control.bin
 
Finished building: dc_control.list
 
17:16:51 **** Incremental Build of configuration Debug for project dc_control ****
make -j8 all 
arm-none-eabi-gcc "../Core/Src/main.c" -mcpu=cortex-m4 -std=gnu11 -g3 -DUSE_HAL_DRIVER -DSTM32F401xE -DDEBUG -c -I../Core/Inc -I../Drivers/STM32F4xx_HAL_Driver/Inc -I../Drivers/STM32F4xx_HAL_Driver/Inc/Legacy -I../Drivers/CMSIS/Device/ST/STM32F4xx/Include -I../Drivers/CMSIS/Include -O0 -ffunction-sections -fdata-sections -Wall -fstack-usage -MMD -MP -MF"Core/Src/main.d" -MT"Core/Src/main.o" --specs=nano.specs -mfpu=fpv4-sp-d16 -mfloat-abi=hard -mthumb -o "Core/Src/main.o"
../Core/Src/main.c: In function 'main':
../Core/Src/main.c:105:6: warning: unused variable 'i' [-Wunused-variable]
  int i = 100 ;
      ^
arm-none-eabi-gcc -o "dc_control.elf" @"objects.list"   -mcpu=cortex-m4 -T"C:\Users\wojta\STM32CubeIDE\workspace_1.5.1\dc_control\STM32F401RETX_FLASH.ld" --specs=nosys.specs -Wl,-Map="dc_control.map" -Wl,--gc-sections -static --specs=nano.specs -mfpu=fpv4-sp-d16 -mfloat-abi=hard -mthumb -Wl,--start-group -lc -lm -Wl,--end-group
Finished building target: dc_control.elf
 
arm-none-eabi-objdump -h -S  dc_control.elf  > "dc_control.list"
arm-none-eabi-objcopy  -O binary  dc_control.elf  "dc_control.bin"
arm-none-eabi-size   dc_control.elf 
   text	   data	    bss	    dec	    hex	filename
   9500	     20	   1636	  11156	   2b94	dc_control.elf
Finished building: default.size.stdout
 
Finished building: dc_control.bin
 
Finished building: dc_control.list
 
17:17:41 **** Incremental Build of configuration Debug for project dc_control ****
make -j8 all 
arm-none-eabi-gcc "../Core/Src/main.c" -mcpu=cortex-m4 -std=gnu11 -g3 -DUSE_HAL_DRIVER -DSTM32F401xE -DDEBUG -c -I../Core/Inc -I../Drivers/STM32F4xx_HAL_Driver/Inc -I../Drivers/STM32F4xx_HAL_Driver/Inc/Legacy -I../Drivers/CMSIS/Device/ST/STM32F4xx/Include -I../Drivers/CMSIS/Include -O0 -ffunction-sections -fdata-sections -Wall -fstack-usage -MMD -MP -MF"Core/Src/main.d" -MT"Core/Src/main.o" --specs=nano.specs -mfpu=fpv4-sp-d16 -mfloat-abi=hard -mthumb -o "Core/Src/main.o"
../Core/Src/main.c: In function 'main':
../Core/Src/main.c:107:6: warning: unused variable 'i' [-Wunused-variable]
  int i = 100 ;
      ^
arm-none-eabi-gcc -o "dc_control.elf" @"objects.list"   -mcpu=cortex-m4 -T"C:\Users\wojta\STM32CubeIDE\workspace_1.5.1\dc_control\STM32F401RETX_FLASH.ld" --specs=nosys.specs -Wl,-Map="dc_control.map" -Wl,--gc-sections -static --specs=nano.specs -mfpu=fpv4-sp-d16 -mfloat-abi=hard -mthumb -Wl,--start-group -lc -lm -Wl,--end-group
Finished building target: dc_control.elf
 
arm-none-eabi-objdump -h -S  dc_control.elf  > "dc_control.list"
arm-none-eabi-objcopy  -O binary  dc_control.elf  "dc_control.bin"
arm-none-eabi-size   dc_control.elf 
   text	   data	    bss	    dec	    hex	filename
   9584	     20	   1636	  11240	   2be8	dc_control.elf
Finished building: default.size.stdout
 
Finished building: dc_control.bin
 
Finished building: dc_control.list
 
17:17:59 **** Incremental Build of configuration Debug for project dc_control ****
make -j8 all 
arm-none-eabi-size   dc_control.elf 
   text	   data	    bss	    dec	    hex	filename
   9584	     20	   1636	  11240	   2be8	dc_control.elf
Finished building: default.size.stdout
 
17:18:31 **** Incremental Build of configuration Debug for project dc_control ****
make -j8 all 
arm-none-eabi-gcc "../Core/Src/main.c" -mcpu=cortex-m4 -std=gnu11 -g3 -DUSE_HAL_DRIVER -DSTM32F401xE -DDEBUG -c -I../Core/Inc -I../Drivers/STM32F4xx_HAL_Driver/Inc -I../Drivers/STM32F4xx_HAL_Driver/Inc/Legacy -I../Drivers/CMSIS/Device/ST/STM32F4xx/Include -I../Drivers/CMSIS/Include -O0 -ffunction-sections -fdata-sections -Wall -fstack-usage -MMD -MP -MF"Core/Src/main.d" -MT"Core/Src/main.o" --specs=nano.specs -mfpu=fpv4-sp-d16 -mfloat-abi=hard -mthumb -o "Core/Src/main.o"
arm-none-eabi-gcc -o "dc_control.elf" @"objects.list"   -mcpu=cortex-m4 -T"C:\Users\wojta\STM32CubeIDE\workspace_1.5.1\dc_control\STM32F401RETX_FLASH.ld" --specs=nosys.specs -Wl,-Map="dc_control.map" -Wl,--gc-sections -static --specs=nano.specs -mfpu=fpv4-sp-d16 -mfloat-abi=hard -mthumb -Wl,--start-group -lc -lm -Wl,--end-group
Finished building target: dc_control.elf
 
arm-none-eabi-objdump -h -S  dc_control.elf  > "dc_control.list"
arm-none-eabi-objcopy  -O binary  dc_control.elf  "dc_control.bin"
arm-none-eabi-size   dc_control.elf 
   text	   data	    bss	    dec	    hex	filename
   9776	     20	   1636	  11432	   2ca8	dc_control.elf
Finished building: default.size.stdout
 
Finished building: dc_control.bin
 
Finished building: dc_control.list
 
17:19:20 **** Incremental Build of configuration Debug for project dc_control ****
make -j8 all 
arm-none-eabi-gcc "../Core/Src/main.c" -mcpu=cortex-m4 -std=gnu11 -g3 -DUSE_HAL_DRIVER -DSTM32F401xE -DDEBUG -c -I../Core/Inc -I../Drivers/STM32F4xx_HAL_Driver/Inc -I../Drivers/STM32F4xx_HAL_Driver/Inc/Legacy -I../Drivers/CMSIS/Device/ST/STM32F4xx/Include -I../Drivers/CMSIS/Include -O0 -ffunction-sections -fdata-sections -Wall -fstack-usage -MMD -MP -MF"Core/Src/main.d" -MT"Core/Src/main.o" --specs=nano.specs -mfpu=fpv4-sp-d16 -mfloat-abi=hard -mthumb -o "Core/Src/main.o"
arm-none-eabi-gcc -o "dc_control.elf" @"objects.list"   -mcpu=cortex-m4 -T"C:\Users\wojta\STM32CubeIDE\workspace_1.5.1\dc_control\STM32F401RETX_FLASH.ld" --specs=nosys.specs -Wl,-Map="dc_control.map" -Wl,--gc-sections -static --specs=nano.specs -mfpu=fpv4-sp-d16 -mfloat-abi=hard -mthumb -Wl,--start-group -lc -lm -Wl,--end-group
Finished building target: dc_control.elf
 
arm-none-eabi-objdump -h -S  dc_control.elf  > "dc_control.list"
arm-none-eabi-objcopy  -O binary  dc_control.elf  "dc_control.bin"
arm-none-eabi-size   dc_control.elf 
   text	   data	    bss	    dec	    hex	filename
   9776	     20	   1636	  11432	   2ca8	dc_control.elf
Finished building: default.size.stdout
 
Finished building: dc_control.bin
 
Finished building: dc_control.list
 
17:21:02 **** Incremental Build of configuration Debug for project dc_control ****
make -j8 all 
arm-none-eabi-gcc "../Core/Src/main.c" -mcpu=cortex-m4 -std=gnu11 -g3 -DUSE_HAL_DRIVER -DSTM32F401xE -DDEBUG -c -I../Core/Inc -I../Drivers/STM32F4xx_HAL_Driver/Inc -I../Drivers/STM32F4xx_HAL_Driver/Inc/Legacy -I../Drivers/CMSIS/Device/ST/STM32F4xx/Include -I../Drivers/CMSIS/Include -O0 -ffunction-sections -fdata-sections -Wall -fstack-usage -MMD -MP -MF"Core/Src/main.d" -MT"Core/Src/main.o" --specs=nano.specs -mfpu=fpv4-sp-d16 -mfloat-abi=hard -mthumb -o "Core/Src/main.o"
arm-none-eabi-gcc -o "dc_control.elf" @"objects.list"   -mcpu=cortex-m4 -T"C:\Users\wojta\STM32CubeIDE\workspace_1.5.1\dc_control\STM32F401RETX_FLASH.ld" --specs=nosys.specs -Wl,-Map="dc_control.map" -Wl,--gc-sections -static --specs=nano.specs -mfpu=fpv4-sp-d16 -mfloat-abi=hard -mthumb -Wl,--start-group -lc -lm -Wl,--end-group
Finished building target: dc_control.elf
 
arm-none-eabi-objdump -h -S  dc_control.elf  > "dc_control.list"
arm-none-eabi-objcopy  -O binary  dc_control.elf  "dc_control.bin"
arm-none-eabi-size   dc_control.elf 
   text	   data	    bss	    dec	    hex	filename
   9608	     20	   1636	  11264	   2c00	dc_control.elf
Finished building: default.size.stdout
 
Finished building: dc_control.bin
 
Finished building: dc_control.list
 
17:21:35 **** Incremental Build of configuration Debug for project dc_control ****
make -j8 all 
arm-none-eabi-gcc "../Core/Src/main.c" -mcpu=cortex-m4 -std=gnu11 -g3 -DUSE_HAL_DRIVER -DSTM32F401xE -DDEBUG -c -I../Core/Inc -I../Drivers/STM32F4xx_HAL_Driver/Inc -I../Drivers/STM32F4xx_HAL_Driver/Inc/Legacy -I../Drivers/CMSIS/Device/ST/STM32F4xx/Include -I../Drivers/CMSIS/Include -O0 -ffunction-sections -fdata-sections -Wall -fstack-usage -MMD -MP -MF"Core/Src/main.d" -MT"Core/Src/main.o" --specs=nano.specs -mfpu=fpv4-sp-d16 -mfloat-abi=hard -mthumb -o "Core/Src/main.o"
arm-none-eabi-gcc -o "dc_control.elf" @"objects.list"   -mcpu=cortex-m4 -T"C:\Users\wojta\STM32CubeIDE\workspace_1.5.1\dc_control\STM32F401RETX_FLASH.ld" --specs=nosys.specs -Wl,-Map="dc_control.map" -Wl,--gc-sections -static --specs=nano.specs -mfpu=fpv4-sp-d16 -mfloat-abi=hard -mthumb -Wl,--start-group -lc -lm -Wl,--end-group
Finished building target: dc_control.elf
 
arm-none-eabi-objdump -h -S  dc_control.elf  > "dc_control.list"
arm-none-eabi-objcopy  -O binary  dc_control.elf  "dc_control.bin"
arm-none-eabi-size   dc_control.elf 
   text	   data	    bss	    dec	    hex	filename
   9620	     20	   1636	  11276	   2c0c	dc_control.elf
Finished building: default.size.stdout
 
Finished building: dc_control.bin
 
Finished building: dc_control.list
 
17:22:14 **** Incremental Build of configuration Debug for project dc_control ****
make -j8 all 
arm-none-eabi-gcc "../Core/Src/main.c" -mcpu=cortex-m4 -std=gnu11 -g3 -DUSE_HAL_DRIVER -DSTM32F401xE -DDEBUG -c -I../Core/Inc -I../Drivers/STM32F4xx_HAL_Driver/Inc -I../Drivers/STM32F4xx_HAL_Driver/Inc/Legacy -I../Drivers/CMSIS/Device/ST/STM32F4xx/Include -I../Drivers/CMSIS/Include -O0 -ffunction-sections -fdata-sections -Wall -fstack-usage -MMD -MP -MF"Core/Src/main.d" -MT"Core/Src/main.o" --specs=nano.specs -mfpu=fpv4-sp-d16 -mfloat-abi=hard -mthumb -o "Core/Src/main.o"
arm-none-eabi-gcc -o "dc_control.elf" @"objects.list"   -mcpu=cortex-m4 -T"C:\Users\wojta\STM32CubeIDE\workspace_1.5.1\dc_control\STM32F401RETX_FLASH.ld" --specs=nosys.specs -Wl,-Map="dc_control.map" -Wl,--gc-sections -static --specs=nano.specs -mfpu=fpv4-sp-d16 -mfloat-abi=hard -mthumb -Wl,--start-group -lc -lm -Wl,--end-group
Finished building target: dc_control.elf
 
arm-none-eabi-objdump -h -S  dc_control.elf  > "dc_control.list"
arm-none-eabi-objcopy  -O binary  dc_control.elf  "dc_control.bin"
arm-none-eabi-size   dc_control.elf 
   text	   data	    bss	    dec	    hex	filename
   9620	     20	   1636	  11276	   2c0c	dc_control.elf
Finished building: default.size.stdout
 
Finished building: dc_control.bin
 
Finished building: dc_control.list
 
17:22:50 **** Incremental Build of configuration Debug for project dc_control ****
make -j8 all 
arm-none-eabi-gcc "../Core/Src/main.c" -mcpu=cortex-m4 -std=gnu11 -g3 -DUSE_HAL_DRIVER -DSTM32F401xE -DDEBUG -c -I../Core/Inc -I../Drivers/STM32F4xx_HAL_Driver/Inc -I../Drivers/STM32F4xx_HAL_Driver/Inc/Legacy -I../Drivers/CMSIS/Device/ST/STM32F4xx/Include -I../Drivers/CMSIS/Include -O0 -ffunction-sections -fdata-sections -Wall -fstack-usage -MMD -MP -MF"Core/Src/main.d" -MT"Core/Src/main.o" --specs=nano.specs -mfpu=fpv4-sp-d16 -mfloat-abi=hard -mthumb -o "Core/Src/main.o"
arm-none-eabi-gcc -o "dc_control.elf" @"objects.list"   -mcpu=cortex-m4 -T"C:\Users\wojta\STM32CubeIDE\workspace_1.5.1\dc_control\STM32F401RETX_FLASH.ld" --specs=nosys.specs -Wl,-Map="dc_control.map" -Wl,--gc-sections -static --specs=nano.specs -mfpu=fpv4-sp-d16 -mfloat-abi=hard -mthumb -Wl,--start-group -lc -lm -Wl,--end-group
Finished building target: dc_control.elf
 
arm-none-eabi-objdump -h -S  dc_control.elf  > "dc_control.list"
arm-none-eabi-objcopy  -O binary  dc_control.elf  "dc_control.bin"
arm-none-eabi-size   dc_control.elf 
   text	   data	    bss	    dec	    hex	filename
   9620	     20	   1636	  11276	   2c0c	dc_control.elf
Finished building: default.size.stdout
 
Finished building: dc_control.bin
 
Finished building: dc_control.list
 
17:23:46 **** Incremental Build of configuration Debug for project dc_control ****
make -j8 all 
arm-none-eabi-gcc "../Core/Src/main.c" -mcpu=cortex-m4 -std=gnu11 -g3 -DUSE_HAL_DRIVER -DSTM32F401xE -DDEBUG -c -I../Core/Inc -I../Drivers/STM32F4xx_HAL_Driver/Inc -I../Drivers/STM32F4xx_HAL_Driver/Inc/Legacy -I../Drivers/CMSIS/Device/ST/STM32F4xx/Include -I../Drivers/CMSIS/Include -O0 -ffunction-sections -fdata-sections -Wall -fstack-usage -MMD -MP -MF"Core/Src/main.d" -MT"Core/Src/main.o" --specs=nano.specs -mfpu=fpv4-sp-d16 -mfloat-abi=hard -mthumb -o "Core/Src/main.o"
arm-none-eabi-gcc -o "dc_control.elf" @"objects.list"   -mcpu=cortex-m4 -T"C:\Users\wojta\STM32CubeIDE\workspace_1.5.1\dc_control\STM32F401RETX_FLASH.ld" --specs=nosys.specs -Wl,-Map="dc_control.map" -Wl,--gc-sections -static --specs=nano.specs -mfpu=fpv4-sp-d16 -mfloat-abi=hard -mthumb -Wl,--start-group -lc -lm -Wl,--end-group
Finished building target: dc_control.elf
 
arm-none-eabi-objdump -h -S  dc_control.elf  > "dc_control.list"
arm-none-eabi-objcopy  -O binary  dc_control.elf  "dc_control.bin"
arm-none-eabi-size   dc_control.elf 
   text	   data	    bss	    dec	    hex	filename
   9628	     20	   1636	  11284	   2c14	dc_control.elf
Finished building: default.size.stdout
 
Finished building: dc_control.bin
 
Finished building: dc_control.list
 
17:25:59 **** Incremental Build of configuration Debug for project dc_control ****
make -j8 all 
arm-none-eabi-gcc "../Core/Src/main.c" -mcpu=cortex-m4 -std=gnu11 -g3 -DUSE_HAL_DRIVER -DSTM32F401xE -DDEBUG -c -I../Core/Inc -I../Drivers/STM32F4xx_HAL_Driver/Inc -I../Drivers/STM32F4xx_HAL_Driver/Inc/Legacy -I../Drivers/CMSIS/Device/ST/STM32F4xx/Include -I../Drivers/CMSIS/Include -O0 -ffunction-sections -fdata-sections -Wall -fstack-usage -MMD -MP -MF"Core/Src/main.d" -MT"Core/Src/main.o" --specs=nano.specs -mfpu=fpv4-sp-d16 -mfloat-abi=hard -mthumb -o "Core/Src/main.o"
arm-none-eabi-gcc -o "dc_control.elf" @"objects.list"   -mcpu=cortex-m4 -T"C:\Users\wojta\STM32CubeIDE\workspace_1.5.1\dc_control\STM32F401RETX_FLASH.ld" --specs=nosys.specs -Wl,-Map="dc_control.map" -Wl,--gc-sections -static --specs=nano.specs -mfpu=fpv4-sp-d16 -mfloat-abi=hard -mthumb -Wl,--start-group -lc -lm -Wl,--end-group
Finished building target: dc_control.elf
 
arm-none-eabi-objdump -h -S  dc_control.elf  > "dc_control.list"
arm-none-eabi-objcopy  -O binary  dc_control.elf  "dc_control.bin"
arm-none-eabi-size   dc_control.elf 
   text	   data	    bss	    dec	    hex	filename
   9612	     20	   1636	  11268	   2c04	dc_control.elf
Finished building: default.size.stdout
 
Finished building: dc_control.bin
 
Finished building: dc_control.list
 
17:27:14 **** Incremental Build of configuration Debug for project dc_control ****
make -j8 all 
arm-none-eabi-gcc "../Core/Src/main.c" -mcpu=cortex-m4 -std=gnu11 -g3 -DUSE_HAL_DRIVER -DSTM32F401xE -DDEBUG -c -I../Core/Inc -I../Drivers/STM32F4xx_HAL_Driver/Inc -I../Drivers/STM32F4xx_HAL_Driver/Inc/Legacy -I../Drivers/CMSIS/Device/ST/STM32F4xx/Include -I../Drivers/CMSIS/Include -O0 -ffunction-sections -fdata-sections -Wall -fstack-usage -MMD -MP -MF"Core/Src/main.d" -MT"Core/Src/main.o" --specs=nano.specs -mfpu=fpv4-sp-d16 -mfloat-abi=hard -mthumb -o "Core/Src/main.o"
arm-none-eabi-gcc -o "dc_control.elf" @"objects.list"   -mcpu=cortex-m4 -T"C:\Users\wojta\STM32CubeIDE\workspace_1.5.1\dc_control\STM32F401RETX_FLASH.ld" --specs=nosys.specs -Wl,-Map="dc_control.map" -Wl,--gc-sections -static --specs=nano.specs -mfpu=fpv4-sp-d16 -mfloat-abi=hard -mthumb -Wl,--start-group -lc -lm -Wl,--end-group
Finished building target: dc_control.elf
 
arm-none-eabi-objdump -h -S  dc_control.elf  > "dc_control.list"
arm-none-eabi-objcopy  -O binary  dc_control.elf  "dc_control.bin"
arm-none-eabi-size   dc_control.elf 
   text	   data	    bss	    dec	    hex	filename
   9504	     20	   1636	  11160	   2b98	dc_control.elf
Finished building: default.size.stdout
 
Finished building: dc_control.bin
 
Finished building: dc_control.list
 
17:27:15 **** Incremental Build of configuration Debug for project dc_control ****
make -j8 all 
arm-none-eabi-size   dc_control.elf 
   text	   data	    bss	    dec	    hex	filename
   9504	     20	   1636	  11160	   2b98	dc_control.elf
Finished building: default.size.stdout
 
17:27:30 **** Incremental Build of configuration Debug for project dc_control ****
make -j8 all 
arm-none-eabi-size   dc_control.elf 
   text	   data	    bss	    dec	    hex	filename
   9504	     20	   1636	  11160	   2b98	dc_control.elf
Finished building: default.size.stdout
 
17:28:01 **** Incremental Build of configuration Debug for project dc_control ****
make -j8 all 
arm-none-eabi-gcc "../Core/Src/main.c" -mcpu=cortex-m4 -std=gnu11 -g3 -DUSE_HAL_DRIVER -DSTM32F401xE -DDEBUG -c -I../Core/Inc -I../Drivers/STM32F4xx_HAL_Driver/Inc -I../Drivers/STM32F4xx_HAL_Driver/Inc/Legacy -I../Drivers/CMSIS/Device/ST/STM32F4xx/Include -I../Drivers/CMSIS/Include -O0 -ffunction-sections -fdata-sections -Wall -fstack-usage -MMD -MP -MF"Core/Src/main.d" -MT"Core/Src/main.o" --specs=nano.specs -mfpu=fpv4-sp-d16 -mfloat-abi=hard -mthumb -o "Core/Src/main.o"
arm-none-eabi-gcc -o "dc_control.elf" @"objects.list"   -mcpu=cortex-m4 -T"C:\Users\wojta\STM32CubeIDE\workspace_1.5.1\dc_control\STM32F401RETX_FLASH.ld" --specs=nosys.specs -Wl,-Map="dc_control.map" -Wl,--gc-sections -static --specs=nano.specs -mfpu=fpv4-sp-d16 -mfloat-abi=hard -mthumb -Wl,--start-group -lc -lm -Wl,--end-group
Finished building target: dc_control.elf
 
arm-none-eabi-objdump -h -S  dc_control.elf  > "dc_control.list"
arm-none-eabi-objcopy  -O binary  dc_control.elf  "dc_control.bin"
arm-none-eabi-size   dc_control.elf 
   text	   data	    bss	    dec	    hex	filename
   9504	     20	   1636	  11160	   2b98	dc_control.elf
Finished building: default.size.stdout
 
Finished building: dc_control.bin
 
Finished building: dc_control.list
 
17:28:22 **** Incremental Build of configuration Debug for project dc_control ****
make -j8 all 
arm-none-eabi-size   dc_control.elf 
   text	   data	    bss	    dec	    hex	filename
   9504	     20	   1636	  11160	   2b98	dc_control.elf
Finished building: default.size.stdout
 
17:28:34 **** Incremental Build of configuration Debug for project dc_control ****
make -j8 all 
arm-none-eabi-gcc "../Core/Src/main.c" -mcpu=cortex-m4 -std=gnu11 -g3 -DUSE_HAL_DRIVER -DSTM32F401xE -DDEBUG -c -I../Core/Inc -I../Drivers/STM32F4xx_HAL_Driver/Inc -I../Drivers/STM32F4xx_HAL_Driver/Inc/Legacy -I../Drivers/CMSIS/Device/ST/STM32F4xx/Include -I../Drivers/CMSIS/Include -O0 -ffunction-sections -fdata-sections -Wall -fstack-usage -MMD -MP -MF"Core/Src/main.d" -MT"Core/Src/main.o" --specs=nano.specs -mfpu=fpv4-sp-d16 -mfloat-abi=hard -mthumb -o "Core/Src/main.o"
arm-none-eabi-gcc -o "dc_control.elf" @"objects.list"   -mcpu=cortex-m4 -T"C:\Users\wojta\STM32CubeIDE\workspace_1.5.1\dc_control\STM32F401RETX_FLASH.ld" --specs=nosys.specs -Wl,-Map="dc_control.map" -Wl,--gc-sections -static --specs=nano.specs -mfpu=fpv4-sp-d16 -mfloat-abi=hard -mthumb -Wl,--start-group -lc -lm -Wl,--end-group
Finished building target: dc_control.elf
 
arm-none-eabi-objdump -h -S  dc_control.elf  > "dc_control.list"
arm-none-eabi-objcopy  -O binary  dc_control.elf  "dc_control.bin"
arm-none-eabi-size   dc_control.elf 
   text	   data	    bss	    dec	    hex	filename
   9580	     20	   1636	  11236	   2be4	dc_control.elf
Finished building: default.size.stdout
 
Finished building: dc_control.bin
 
Finished building: dc_control.list
 
17:28:52 **** Incremental Build of configuration Debug for project dc_control ****
make -j8 all 
arm-none-eabi-size   dc_control.elf 
   text	   data	    bss	    dec	    hex	filename
   9580	     20	   1636	  11236	   2be4	dc_control.elf
Finished building: default.size.stdout
 
17:29:25 **** Incremental Build of configuration Debug for project dc_control ****
make -j8 all 
arm-none-eabi-size   dc_control.elf 
   text	   data	    bss	    dec	    hex	filename
   9580	     20	   1636	  11236	   2be4	dc_control.elf
Finished building: default.size.stdout
 
17:30:04 **** Incremental Build of configuration Debug for project dc_control ****
make -j8 all 
arm-none-eabi-gcc "../Core/Src/main.c" -mcpu=cortex-m4 -std=gnu11 -g3 -DUSE_HAL_DRIVER -DSTM32F401xE -DDEBUG -c -I../Core/Inc -I../Drivers/STM32F4xx_HAL_Driver/Inc -I../Drivers/STM32F4xx_HAL_Driver/Inc/Legacy -I../Drivers/CMSIS/Device/ST/STM32F4xx/Include -I../Drivers/CMSIS/Include -O0 -ffunction-sections -fdata-sections -Wall -fstack-usage -MMD -MP -MF"Core/Src/main.d" -MT"Core/Src/main.o" --specs=nano.specs -mfpu=fpv4-sp-d16 -mfloat-abi=hard -mthumb -o "Core/Src/main.o"
arm-none-eabi-gcc -o "dc_control.elf" @"objects.list"   -mcpu=cortex-m4 -T"C:\Users\wojta\STM32CubeIDE\workspace_1.5.1\dc_control\STM32F401RETX_FLASH.ld" --specs=nosys.specs -Wl,-Map="dc_control.map" -Wl,--gc-sections -static --specs=nano.specs -mfpu=fpv4-sp-d16 -mfloat-abi=hard -mthumb -Wl,--start-group -lc -lm -Wl,--end-group
Finished building target: dc_control.elf
 
arm-none-eabi-objdump -h -S  dc_control.elf  > "dc_control.list"
arm-none-eabi-objcopy  -O binary  dc_control.elf  "dc_control.bin"
arm-none-eabi-size   dc_control.elf 
   text	   data	    bss	    dec	    hex	filename
   9588	     20	   1636	  11244	   2bec	dc_control.elf
Finished building: default.size.stdout
 
Finished building: dc_control.bin
 
Finished building: dc_control.list
 
17:30:22 **** Incremental Build of configuration Debug for project dc_control ****
make -j8 all 
arm-none-eabi-gcc "../Core/Src/main.c" -mcpu=cortex-m4 -std=gnu11 -g3 -DUSE_HAL_DRIVER -DSTM32F401xE -DDEBUG -c -I../Core/Inc -I../Drivers/STM32F4xx_HAL_Driver/Inc -I../Drivers/STM32F4xx_HAL_Driver/Inc/Legacy -I../Drivers/CMSIS/Device/ST/STM32F4xx/Include -I../Drivers/CMSIS/Include -O0 -ffunction-sections -fdata-sections -Wall -fstack-usage -MMD -MP -MF"Core/Src/main.d" -MT"Core/Src/main.o" --specs=nano.specs -mfpu=fpv4-sp-d16 -mfloat-abi=hard -mthumb -o "Core/Src/main.o"
arm-none-eabi-gcc -o "dc_control.elf" @"objects.list"   -mcpu=cortex-m4 -T"C:\Users\wojta\STM32CubeIDE\workspace_1.5.1\dc_control\STM32F401RETX_FLASH.ld" --specs=nosys.specs -Wl,-Map="dc_control.map" -Wl,--gc-sections -static --specs=nano.specs -mfpu=fpv4-sp-d16 -mfloat-abi=hard -mthumb -Wl,--start-group -lc -lm -Wl,--end-group
Finished building target: dc_control.elf
 
arm-none-eabi-objdump -h -S  dc_control.elf  > "dc_control.list"
arm-none-eabi-objcopy  -O binary  dc_control.elf  "dc_control.bin"
arm-none-eabi-size   dc_control.elf 
   text	   data	    bss	    dec	    hex	filename
   9588	     20	   1636	  11244	   2bec	dc_control.elf
Finished building: default.size.stdout
 
Finished building: dc_control.bin
 
Finished building: dc_control.list
 
17:30:38 **** Incremental Build of configuration Debug for project dc_control ****
make -j8 all 
arm-none-eabi-gcc "../Core/Src/main.c" -mcpu=cortex-m4 -std=gnu11 -g3 -DUSE_HAL_DRIVER -DSTM32F401xE -DDEBUG -c -I../Core/Inc -I../Drivers/STM32F4xx_HAL_Driver/Inc -I../Drivers/STM32F4xx_HAL_Driver/Inc/Legacy -I../Drivers/CMSIS/Device/ST/STM32F4xx/Include -I../Drivers/CMSIS/Include -O0 -ffunction-sections -fdata-sections -Wall -fstack-usage -MMD -MP -MF"Core/Src/main.d" -MT"Core/Src/main.o" --specs=nano.specs -mfpu=fpv4-sp-d16 -mfloat-abi=hard -mthumb -o "Core/Src/main.o"
arm-none-eabi-gcc -o "dc_control.elf" @"objects.list"   -mcpu=cortex-m4 -T"C:\Users\wojta\STM32CubeIDE\workspace_1.5.1\dc_control\STM32F401RETX_FLASH.ld" --specs=nosys.specs -Wl,-Map="dc_control.map" -Wl,--gc-sections -static --specs=nano.specs -mfpu=fpv4-sp-d16 -mfloat-abi=hard -mthumb -Wl,--start-group -lc -lm -Wl,--end-group
Finished building target: dc_control.elf
 
arm-none-eabi-objdump -h -S  dc_control.elf  > "dc_control.list"
arm-none-eabi-objcopy  -O binary  dc_control.elf  "dc_control.bin"
arm-none-eabi-size   dc_control.elf 
   text	   data	    bss	    dec	    hex	filename
   9584	     20	   1636	  11240	   2be8	dc_control.elf
Finished building: default.size.stdout
 
Finished building: dc_control.bin
 
Finished building: dc_control.list
 
17:32:03 **** Incremental Build of configuration Debug for project dc_control ****
make -j8 all 
arm-none-eabi-gcc "../Core/Src/main.c" -mcpu=cortex-m4 -std=gnu11 -g3 -DUSE_HAL_DRIVER -DSTM32F401xE -DDEBUG -c -I../Core/Inc -I../Drivers/STM32F4xx_HAL_Driver/Inc -I../Drivers/STM32F4xx_HAL_Driver/Inc/Legacy -I../Drivers/CMSIS/Device/ST/STM32F4xx/Include -I../Drivers/CMSIS/Include -O0 -ffunction-sections -fdata-sections -Wall -fstack-usage -MMD -MP -MF"Core/Src/main.d" -MT"Core/Src/main.o" --specs=nano.specs -mfpu=fpv4-sp-d16 -mfloat-abi=hard -mthumb -o "Core/Src/main.o"
arm-none-eabi-gcc -o "dc_control.elf" @"objects.list"   -mcpu=cortex-m4 -T"C:\Users\wojta\STM32CubeIDE\workspace_1.5.1\dc_control\STM32F401RETX_FLASH.ld" --specs=nosys.specs -Wl,-Map="dc_control.map" -Wl,--gc-sections -static --specs=nano.specs -mfpu=fpv4-sp-d16 -mfloat-abi=hard -mthumb -Wl,--start-group -lc -lm -Wl,--end-group
Finished building target: dc_control.elf
 
arm-none-eabi-objdump -h -S  dc_control.elf  > "dc_control.list"
arm-none-eabi-objcopy  -O binary  dc_control.elf  "dc_control.bin"
arm-none-eabi-size   dc_control.elf 
   text	   data	    bss	    dec	    hex	filename
   9584	     20	   1636	  11240	   2be8	dc_control.elf
Finished building: default.size.stdout
 
Finished building: dc_control.bin
 
Finished building: dc_control.list
 
17:32:37 **** Incremental Build of configuration Debug for project dc_control ****
make -j8 all 
arm-none-eabi-gcc "../Core/Src/main.c" -mcpu=cortex-m4 -std=gnu11 -g3 -DUSE_HAL_DRIVER -DSTM32F401xE -DDEBUG -c -I../Core/Inc -I../Drivers/STM32F4xx_HAL_Driver/Inc -I../Drivers/STM32F4xx_HAL_Driver/Inc/Legacy -I../Drivers/CMSIS/Device/ST/STM32F4xx/Include -I../Drivers/CMSIS/Include -O0 -ffunction-sections -fdata-sections -Wall -fstack-usage -MMD -MP -MF"Core/Src/main.d" -MT"Core/Src/main.o" --specs=nano.specs -mfpu=fpv4-sp-d16 -mfloat-abi=hard -mthumb -o "Core/Src/main.o"
arm-none-eabi-gcc -o "dc_control.elf" @"objects.list"   -mcpu=cortex-m4 -T"C:\Users\wojta\STM32CubeIDE\workspace_1.5.1\dc_control\STM32F401RETX_FLASH.ld" --specs=nosys.specs -Wl,-Map="dc_control.map" -Wl,--gc-sections -static --specs=nano.specs -mfpu=fpv4-sp-d16 -mfloat-abi=hard -mthumb -Wl,--start-group -lc -lm -Wl,--end-group
Finished building target: dc_control.elf
 
arm-none-eabi-objdump -h -S  dc_control.elf  > "dc_control.list"
arm-none-eabi-objcopy  -O binary  dc_control.elf  "dc_control.bin"
arm-none-eabi-size   dc_control.elf 
   text	   data	    bss	    dec	    hex	filename
   9588	     20	   1636	  11244	   2bec	dc_control.elf
Finished building: default.size.stdout
 
Finished building: dc_control.bin
 
Finished building: dc_control.list
 
17:32:59 **** Incremental Build of configuration Debug for project dc_control ****
make -j8 all 
arm-none-eabi-gcc "../Core/Src/main.c" -mcpu=cortex-m4 -std=gnu11 -g3 -DUSE_HAL_DRIVER -DSTM32F401xE -DDEBUG -c -I../Core/Inc -I../Drivers/STM32F4xx_HAL_Driver/Inc -I../Drivers/STM32F4xx_HAL_Driver/Inc/Legacy -I../Drivers/CMSIS/Device/ST/STM32F4xx/Include -I../Drivers/CMSIS/Include -O0 -ffunction-sections -fdata-sections -Wall -fstack-usage -MMD -MP -MF"Core/Src/main.d" -MT"Core/Src/main.o" --specs=nano.specs -mfpu=fpv4-sp-d16 -mfloat-abi=hard -mthumb -o "Core/Src/main.o"
arm-none-eabi-gcc -o "dc_control.elf" @"objects.list"   -mcpu=cortex-m4 -T"C:\Users\wojta\STM32CubeIDE\workspace_1.5.1\dc_control\STM32F401RETX_FLASH.ld" --specs=nosys.specs -Wl,-Map="dc_control.map" -Wl,--gc-sections -static --specs=nano.specs -mfpu=fpv4-sp-d16 -mfloat-abi=hard -mthumb -Wl,--start-group -lc -lm -Wl,--end-group
Finished building target: dc_control.elf
 
arm-none-eabi-objdump -h -S  dc_control.elf  > "dc_control.list"
arm-none-eabi-objcopy  -O binary  dc_control.elf  "dc_control.bin"
arm-none-eabi-size   dc_control.elf 
   text	   data	    bss	    dec	    hex	filename
   9584	     20	   1636	  11240	   2be8	dc_control.elf
Finished building: default.size.stdout
 
Finished building: dc_control.bin
 
Finished building: dc_control.list
 
17:33:29 **** Incremental Build of configuration Debug for project dc_control ****
make -j8 all 
arm-none-eabi-gcc "../Core/Src/main.c" -mcpu=cortex-m4 -std=gnu11 -g3 -DUSE_HAL_DRIVER -DSTM32F401xE -DDEBUG -c -I../Core/Inc -I../Drivers/STM32F4xx_HAL_Driver/Inc -I../Drivers/STM32F4xx_HAL_Driver/Inc/Legacy -I../Drivers/CMSIS/Device/ST/STM32F4xx/Include -I../Drivers/CMSIS/Include -O0 -ffunction-sections -fdata-sections -Wall -fstack-usage -MMD -MP -MF"Core/Src/main.d" -MT"Core/Src/main.o" --specs=nano.specs -mfpu=fpv4-sp-d16 -mfloat-abi=hard -mthumb -o "Core/Src/main.o"
arm-none-eabi-gcc -o "dc_control.elf" @"objects.list"   -mcpu=cortex-m4 -T"C:\Users\wojta\STM32CubeIDE\workspace_1.5.1\dc_control\STM32F401RETX_FLASH.ld" --specs=nosys.specs -Wl,-Map="dc_control.map" -Wl,--gc-sections -static --specs=nano.specs -mfpu=fpv4-sp-d16 -mfloat-abi=hard -mthumb -Wl,--start-group -lc -lm -Wl,--end-group
Finished building target: dc_control.elf
 
arm-none-eabi-objdump -h -S  dc_control.elf  > "dc_control.list"
arm-none-eabi-objcopy  -O binary  dc_control.elf  "dc_control.bin"
arm-none-eabi-size   dc_control.elf 
   text	   data	    bss	    dec	    hex	filename
   9588	     20	   1636	  11244	   2bec	dc_control.elf
Finished building: default.size.stdout
 
Finished building: dc_control.bin
 
Finished building: dc_control.list
 
17:33:52 **** Incremental Build of configuration Debug for project dc_control ****
make -j8 all 
[...]
 
20:55:37 **** Incremental Build of configuration Debug for project lcd_temp ****
make -j8 all 
arm-none-eabi-gcc "../Core/Src/main.c" -mcpu=cortex-m4 -std=gnu11 -g3 -DUSE_HAL_DRIVER -DSTM32F401xE -DDEBUG -c -I../Core/Inc -I../Drivers/STM32F4xx_HAL_Driver/Inc -I../Drivers/STM32F4xx_HAL_Driver/Inc/Legacy -I../Drivers/CMSIS/Device/ST/STM32F4xx/Include -I../Drivers/CMSIS/Include -O0 -ffunction-sections -fdata-sections -Wall -fstack-usage -MMD -MP -MF"Core/Src/main.d" -MT"Core/Src/main.o" --specs=nano.specs -mfpu=fpv4-sp-d16 -mfloat-abi=hard -mthumb -o "Core/Src/main.o"
../Core/Src/main.c: In function 'main':
../Core/Src/main.c:130:17: error: lvalue required as left operand of assignment
 +         temp2 = read();
                 ^
../Core/Src/main.c:135:10: warning: implicit declaration of function 'dtostrf'; did you mean 'strstr'? [-Wimplicit-function-declaration]
          dtostrf( temp, 3, 4, dupa );
          ^~~~~~~
          strstr
../Core/Src/main.c:135:31: error: 'dupa' undeclared (first use in this function)
          dtostrf( temp, 3, 4, dupa );
                               ^~~~
../Core/Src/main.c:135:31: note: each undeclared identifier is reported only once for each function it appears in
../Core/Src/main.c:76:8: warning: variable 'temperature' set but not used [-Wunused-but-set-variable]
  float temperature;
        ^~~~~~~~~~~
../Core/Src/main.c:74:10: warning: variable 'spr' set but not used [-Wunused-but-set-variable]
  uint8_t spr =2, temp1, temp2;
          ^~~
make: *** [Core/Src/subdir.mk:43: Core/Src/main.o] Error 1
"make -j8 all" terminated with exit code 2. Build might be incomplete.
20:55:57 **** Incremental Build of configuration Debug for project lcd_temp ****
make -j8 all 
arm-none-eabi-gcc "../Core/Src/main.c" -mcpu=cortex-m4 -std=gnu11 -g3 -DUSE_HAL_DRIVER -DSTM32F401xE -DDEBUG -c -I../Core/Inc -I../Drivers/STM32F4xx_HAL_Driver/Inc -I../Drivers/STM32F4xx_HAL_Driver/Inc/Legacy -I../Drivers/CMSIS/Device/ST/STM32F4xx/Include -I../Drivers/CMSIS/Include -O0 -ffunction-sections -fdata-sections -Wall -fstack-usage -MMD -MP -MF"Core/Src/main.d" -MT"Core/Src/main.o" --specs=nano.specs -mfpu=fpv4-sp-d16 -mfloat-abi=hard -mthumb -o "Core/Src/main.o"
../Core/Src/main.c: In function 'main':
../Core/Src/main.c:130:17: error: lvalue required as left operand of assignment
 +         temp2 = read();
                 ^
../Core/Src/main.c:135:10: warning: implicit declaration of function 'dtostrf'; did you mean 'strstr'? [-Wimplicit-function-declaration]
          dtostrf( temperature, 3, 4, dupa );
          ^~~~~~~
          strstr
../Core/Src/main.c:135:38: error: 'dupa' undeclared (first use in this function)
          dtostrf( temperature, 3, 4, dupa );
                                      ^~~~
../Core/Src/main.c:135:38: note: each undeclared identifier is reported only once for each function it appears in
../Core/Src/main.c:74:10: warning: variable 'spr' set but not used [-Wunused-but-set-variable]
  uint8_t spr =2, temp1, temp2;
          ^~~
make: *** [Core/Src/subdir.mk:43: Core/Src/main.o] Error 1
"make -j8 all" terminated with exit code 2. Build might be incomplete.
20:57:52 **** Incremental Build of configuration Debug for project lcd_temp ****
make -j8 all 
arm-none-eabi-gcc "../Core/Src/main.c" -mcpu=cortex-m4 -std=gnu11 -g3 -DUSE_HAL_DRIVER -DSTM32F401xE -DDEBUG -c -I../Core/Inc -I../Drivers/STM32F4xx_HAL_Driver/Inc -I../Drivers/STM32F4xx_HAL_Driver/Inc/Legacy -I../Drivers/CMSIS/Device/ST/STM32F4xx/Include -I../Drivers/CMSIS/Include -O0 -ffunction-sections -fdata-sections -Wall -fstack-usage -MMD -MP -MF"Core/Src/main.d" -MT"Core/Src/main.o" --specs=nano.specs -mfpu=fpv4-sp-d16 -mfloat-abi=hard -mthumb -o "Core/Src/main.o"
../Core/Src/main.c: In function 'main':
../Core/Src/main.c:135:10: warning: implicit declaration of function 'dtostrf'; did you mean 'strstr'? [-Wimplicit-function-declaration]
          dtostrf( temperature, 3, 4, temp );
          ^~~~~~~
          strstr
../Core/Src/main.c:136:26: error: 'dupa' undeclared (first use in this function)
          lcd_send_string(dupa);
                          ^~~~
../Core/Src/main.c:136:26: note: each undeclared identifier is reported only once for each function it appears in
../Core/Src/main.c:74:10: warning: variable 'spr' set but not used [-Wunused-but-set-variable]
  uint8_t spr =2, temp1, temp2;
          ^~~
make: *** [Core/Src/subdir.mk:43: Core/Src/main.o] Error 1
"make -j8 all" terminated with exit code 2. Build might be incomplete.
20:59:07 **** Incremental Build of configuration Debug for project lcd_temp ****
make -j8 all 
arm-none-eabi-gcc "../Core/Src/main.c" -mcpu=cortex-m4 -std=gnu11 -g3 -DUSE_HAL_DRIVER -DSTM32F401xE -DDEBUG -c -I../Core/Inc -I../Drivers/STM32F4xx_HAL_Driver/Inc -I../Drivers/STM32F4xx_HAL_Driver/Inc/Legacy -I../Drivers/CMSIS/Device/ST/STM32F4xx/Include -I../Drivers/CMSIS/Include -O0 -ffunction-sections -fdata-sections -Wall -fstack-usage -MMD -MP -MF"Core/Src/main.d" -MT"Core/Src/main.o" --specs=nano.specs -mfpu=fpv4-sp-d16 -mfloat-abi=hard -mthumb -o "Core/Src/main.o"
../Core/Src/main.c: In function 'main':
../Core/Src/main.c:135:10: warning: implicit declaration of function 'dtostrf'; did you mean 'strstr'? [-Wimplicit-function-declaration]
          dtostrf( temperature, 3, 4, temp );
          ^~~~~~~
          strstr
../Core/Src/main.c:136:26: warning: passing argument 1 of 'lcd_send_string' makes pointer from integer without a cast [-Wint-conversion]
          lcd_send_string(temp);
                          ^~~~
In file included from ../Core/Src/main.c:25:0:
../Core/Inc/i2c-lcd.h:9:6: note: expected 'char *' but argument is of type 'uint16_t {aka short unsigned int}'
 void lcd_send_string ( char *str);  // send string to the lcd
      ^~~~~~~~~~~~~~~
../Core/Src/main.c:74:10: warning: variable 'spr' set but not used [-Wunused-but-set-variable]
  uint8_t spr =2, temp1, temp2;
          ^~~
arm-none-eabi-gcc -o "lcd_temp.elf" @"objects.list"   -mcpu=cortex-m4 -T"C:\Users\wojta\STM32CubeIDE\workspace_1.5.1\lcd_temp\STM32F401RETX_FLASH.ld" --specs=nosys.specs -Wl,-Map="lcd_temp.map" -Wl,--gc-sections -static --specs=nano.specs -mfpu=fpv4-sp-d16 -mfloat-abi=hard -mthumb -Wl,--start-group -lc -lm -Wl,--end-group
Core/Src/main.o: In function `main':
C:/Users/wojta/STM32CubeIDE/workspace_1.5.1/lcd_temp/Debug/../Core/Src/main.c:135: undefined reference to `dtostrf'
collect2.exe: error: ld returned 1 exit status
make: *** [makefile:58: lcd_temp.elf] Error 1
"make -j8 all" terminated with exit code 2. Build might be incomplete.
21:00:49 **** Incremental Build of configuration Debug for project lcd_temp ****
make -j8 all 
arm-none-eabi-gcc "../Core/Src/main.c" -mcpu=cortex-m4 -std=gnu11 -g3 -DUSE_HAL_DRIVER -DSTM32F401xE -DDEBUG -c -I../Core/Inc -I../Drivers/STM32F4xx_HAL_Driver/Inc -I../Drivers/STM32F4xx_HAL_Driver/Inc/Legacy -I../Drivers/CMSIS/Device/ST/STM32F4xx/Include -I../Drivers/CMSIS/Include -O0 -ffunction-sections -fdata-sections -Wall -fstack-usage -MMD -MP -MF"Core/Src/main.d" -MT"Core/Src/main.o" --specs=nano.specs -mfpu=fpv4-sp-d16 -mfloat-abi=hard -mthumb -o "Core/Src/main.o"
../Core/Src/main.c: In function 'main':
../Core/Src/main.c:138:10: error: expected ';' before 'lcd_send_string'
          lcd_send_string(dupa);
          ^~~~~~~~~~~~~~~
../Core/Src/main.c:74:10: warning: variable 'spr' set but not used [-Wunused-but-set-variable]
  uint8_t spr =2, temp1, temp2;
          ^~~
../Core/Src/main.c:137:25: warning: '%f' directive writing between 8 and 317 bytes into a region of size 5 [-Wformat-overflow=]
          sprintf(dupa, "%f", temperature)
                         ^~
../Core/Src/main.c:137:10: note: 'sprintf' output between 9 and 318 bytes into a destination of size 5
          sprintf(dupa, "%f", temperature)
          ^~~~~~~~~~~~~~~~~~~~~~~~~~~~~~~~
make: *** [Core/Src/subdir.mk:43: Core/Src/main.o] Error 1
"make -j8 all" terminated with exit code 2. Build might be incomplete.
21:01:16 **** Incremental Build of configuration Debug for project lcd_temp ****
make -j8 all 
arm-none-eabi-gcc "../Core/Src/main.c" -mcpu=cortex-m4 -std=gnu11 -g3 -DUSE_HAL_DRIVER -DSTM32F401xE -DDEBUG -c -I../Core/Inc -I../Drivers/STM32F4xx_HAL_Driver/Inc -I../Drivers/STM32F4xx_HAL_Driver/Inc/Legacy -I../Drivers/CMSIS/Device/ST/STM32F4xx/Include -I../Drivers/CMSIS/Include -O0 -ffunction-sections -fdata-sections -Wall -fstack-usage -MMD -MP -MF"Core/Src/main.d" -MT"Core/Src/main.o" --specs=nano.specs -mfpu=fpv4-sp-d16 -mfloat-abi=hard -mthumb -o "Core/Src/main.o"
../Core/Src/main.c: In function 'main':
../Core/Src/main.c:74:10: warning: variable 'spr' set but not used [-Wunused-but-set-variable]
  uint8_t spr =2, temp1, temp2;
          ^~~
../Core/Src/main.c:137:25: warning: '%f' directive writing between 8 and 317 bytes into a region of size 5 [-Wformat-overflow=]
          sprintf(dupa, "%f", temperature);
                         ^~
../Core/Src/main.c:137:10: note: 'sprintf' output between 9 and 318 bytes into a destination of size 5
          sprintf(dupa, "%f", temperature);
          ^~~~~~~~~~~~~~~~~~~~~~~~~~~~~~~~
arm-none-eabi-gcc -o "lcd_temp.elf" @"objects.list"   -mcpu=cortex-m4 -T"C:\Users\wojta\STM32CubeIDE\workspace_1.5.1\lcd_temp\STM32F401RETX_FLASH.ld" --specs=nosys.specs -Wl,-Map="lcd_temp.map" -Wl,--gc-sections -static --specs=nano.specs -mfpu=fpv4-sp-d16 -mfloat-abi=hard -mthumb -Wl,--start-group -lc -lm -Wl,--end-group
Finished building target: lcd_temp.elf
 
arm-none-eabi-objdump -h -S  lcd_temp.elf  > "lcd_temp.list"
arm-none-eabi-objcopy  -O binary  lcd_temp.elf  "lcd_temp.bin"
arm-none-eabi-size   lcd_temp.elf 
   text	   data	    bss	    dec	    hex	filename
  12668	    120	   1688	  14476	   388c	lcd_temp.elf
Finished building: default.size.stdout
 
Finished building: lcd_temp.bin
 
Finished building: lcd_temp.list
 
21:01:31 **** Incremental Build of configuration Debug for project lcd_temp ****
make -j8 all 
arm-none-eabi-size   lcd_temp.elf 
   text	   data	    bss	    dec	    hex	filename
  12668	    120	   1688	  14476	   388c	lcd_temp.elf
Finished building: default.size.stdout
 
21:01:37 **** Incremental Build of configuration Debug for project lcd_temp ****
make -j8 all 
arm-none-eabi-size   lcd_temp.elf 
   text	   data	    bss	    dec	    hex	filename
  12668	    120	   1688	  14476	   388c	lcd_temp.elf
Finished building: default.size.stdout
 
21:02:03 **** Incremental Build of configuration Debug for project lcd_temp ****
make -j8 all 
arm-none-eabi-gcc "../Core/Src/main.c" -mcpu=cortex-m4 -std=gnu11 -g3 -DUSE_HAL_DRIVER -DSTM32F401xE -DDEBUG -c -I../Core/Inc -I../Drivers/STM32F4xx_HAL_Driver/Inc -I../Drivers/STM32F4xx_HAL_Driver/Inc/Legacy -I../Drivers/CMSIS/Device/ST/STM32F4xx/Include -I../Drivers/CMSIS/Include -O0 -ffunction-sections -fdata-sections -Wall -fstack-usage -MMD -MP -MF"Core/Src/main.d" -MT"Core/Src/main.o" --specs=nano.specs -mfpu=fpv4-sp-d16 -mfloat-abi=hard -mthumb -o "Core/Src/main.o"
../Core/Src/main.c: In function 'main':
../Core/Src/main.c:74:10: warning: variable 'spr' set but not used [-Wunused-but-set-variable]
  uint8_t spr =2, temp1, temp2;
          ^~~
../Core/Src/main.c:138:25: warning: '%f' directive writing between 8 and 317 bytes into a region of size 5 [-Wformat-overflow=]
          sprintf(dupa, "%f", temperature);
                         ^~
../Core/Src/main.c:138:10: note: 'sprintf' output between 9 and 318 bytes into a destination of size 5
          sprintf(dupa, "%f", temperature);
          ^~~~~~~~~~~~~~~~~~~~~~~~~~~~~~~~
arm-none-eabi-gcc -o "lcd_temp.elf" @"objects.list"   -mcpu=cortex-m4 -T"C:\Users\wojta\STM32CubeIDE\workspace_1.5.1\lcd_temp\STM32F401RETX_FLASH.ld" --specs=nosys.specs -Wl,-Map="lcd_temp.map" -Wl,--gc-sections -static --specs=nano.specs -mfpu=fpv4-sp-d16 -mfloat-abi=hard -mthumb -Wl,--start-group -lc -lm -Wl,--end-group
Finished building target: lcd_temp.elf
 
arm-none-eabi-objdump -h -S  lcd_temp.elf  > "lcd_temp.list"
arm-none-eabi-objcopy  -O binary  lcd_temp.elf  "lcd_temp.bin"
arm-none-eabi-size   lcd_temp.elf 
   text	   data	    bss	    dec	    hex	filename
  12716	    120	   1688	  14524	   38bc	lcd_temp.elf
Finished building: default.size.stdout
 
Finished building: lcd_temp.bin
 
Finished building: lcd_temp.list
 
21:03:09 **** Incremental Build of configuration Debug for project lcd_temp ****
make -j8 all 
arm-none-eabi-gcc "../Core/Src/main.c" -mcpu=cortex-m4 -std=gnu11 -g3 -DUSE_HAL_DRIVER -DSTM32F401xE -DDEBUG -c -I../Core/Inc -I../Drivers/STM32F4xx_HAL_Driver/Inc -I../Drivers/STM32F4xx_HAL_Driver/Inc/Legacy -I../Drivers/CMSIS/Device/ST/STM32F4xx/Include -I../Drivers/CMSIS/Include -O0 -ffunction-sections -fdata-sections -Wall -fstack-usage -MMD -MP -MF"Core/Src/main.d" -MT"Core/Src/main.o" --specs=nano.specs -mfpu=fpv4-sp-d16 -mfloat-abi=hard -mthumb -o "Core/Src/main.o"
../Core/Src/main.c: In function 'main':
../Core/Src/main.c:74:10: warning: variable 'spr' set but not used [-Wunused-but-set-variable]
  uint8_t spr =2, temp1, temp2;
          ^~~
../Core/Src/main.c:140:30: warning: 'Temp: ' directive writing 6 bytes into a region of size 5 [-Wformat-overflow=]
          sprintf(dupa, "Temp: %f", temperature);
                         ~~~~~^
../Core/Src/main.c:140:10: note: 'sprintf' output between 15 and 324 bytes into a destination of size 5
          sprintf(dupa, "Temp: %f", temperature);
          ^~~~~~~~~~~~~~~~~~~~~~~~~~~~~~~~~~~~~~
arm-none-eabi-gcc -o "lcd_temp.elf" @"objects.list"   -mcpu=cortex-m4 -T"C:\Users\wojta\STM32CubeIDE\workspace_1.5.1\lcd_temp\STM32F401RETX_FLASH.ld" --specs=nosys.specs -Wl,-Map="lcd_temp.map" -Wl,--gc-sections -static --specs=nano.specs -mfpu=fpv4-sp-d16 -mfloat-abi=hard -mthumb -Wl,--start-group -lc -lm -Wl,--end-group
Finished building target: lcd_temp.elf
 
arm-none-eabi-objdump -h -S  lcd_temp.elf  > "lcd_temp.list"
arm-none-eabi-objcopy  -O binary  lcd_temp.elf  "lcd_temp.bin"
arm-none-eabi-size   lcd_temp.elf 
   text	   data	    bss	    dec	    hex	filename
  12732	    120	   1688	  14540	   38cc	lcd_temp.elf
Finished building: default.size.stdout
 
Finished building: lcd_temp.bin
 
Finished building: lcd_temp.list
 
21:03:23 **** Incremental Build of configuration Debug for project lcd_temp ****
make -j8 all 
arm-none-eabi-gcc "../Core/Src/main.c" -mcpu=cortex-m4 -std=gnu11 -g3 -DUSE_HAL_DRIVER -DSTM32F401xE -DDEBUG -c -I../Core/Inc -I../Drivers/STM32F4xx_HAL_Driver/Inc -I../Drivers/STM32F4xx_HAL_Driver/Inc/Legacy -I../Drivers/CMSIS/Device/ST/STM32F4xx/Include -I../Drivers/CMSIS/Include -O0 -ffunction-sections -fdata-sections -Wall -fstack-usage -MMD -MP -MF"Core/Src/main.d" -MT"Core/Src/main.o" --specs=nano.specs -mfpu=fpv4-sp-d16 -mfloat-abi=hard -mthumb -o "Core/Src/main.o"
../Core/Src/main.c: In function 'main':
../Core/Src/main.c:140:32: warning: format '%d' expects argument of type 'int', but argument 3 has type 'double' [-Wformat=]
          sprintf(dupa, "Temp: %d", temperature);
                               ~^
                               %f
../Core/Src/main.c:74:10: warning: variable 'spr' set but not used [-Wunused-but-set-variable]
  uint8_t spr =2, temp1, temp2;
          ^~~
../Core/Src/main.c:140:30: warning: 'Temp: ' directive writing 6 bytes into a region of size 5 [-Wformat-overflow=]
          sprintf(dupa, "Temp: %d", temperature);
                         ~~~~~^
../Core/Src/main.c:140:10: note: 'sprintf' output 7 or more bytes into a destination of size 5
          sprintf(dupa, "Temp: %d", temperature);
          ^~~~~~~~~~~~~~~~~~~~~~~~~~~~~~~~~~~~~~
arm-none-eabi-gcc -o "lcd_temp.elf" @"objects.list"   -mcpu=cortex-m4 -T"C:\Users\wojta\STM32CubeIDE\workspace_1.5.1\lcd_temp\STM32F401RETX_FLASH.ld" --specs=nosys.specs -Wl,-Map="lcd_temp.map" -Wl,--gc-sections -static --specs=nano.specs -mfpu=fpv4-sp-d16 -mfloat-abi=hard -mthumb -Wl,--start-group -lc -lm -Wl,--end-group
Finished building target: lcd_temp.elf
 
arm-none-eabi-objdump -h -S  lcd_temp.elf  > "lcd_temp.list"
arm-none-eabi-objcopy  -O binary  lcd_temp.elf  "lcd_temp.bin"
arm-none-eabi-size   lcd_temp.elf 
   text	   data	    bss	    dec	    hex	filename
  12732	    120	   1688	  14540	   38cc	lcd_temp.elf
Finished building: default.size.stdout
 
Finished building: lcd_temp.bin
 
Finished building: lcd_temp.list
 
21:03:49 **** Incremental Build of configuration Debug for project lcd_temp ****
make -j8 all 
arm-none-eabi-size   lcd_temp.elf 
   text	   data	    bss	    dec	    hex	filename
  12732	    120	   1688	  14540	   38cc	lcd_temp.elf
Finished building: default.size.stdout
 
21:05:27 **** Incremental Build of configuration Debug for project lcd_temp ****
make -j8 all 
arm-none-eabi-gcc "../Core/Src/main.c" -mcpu=cortex-m4 -std=gnu11 -g3 -DUSE_HAL_DRIVER -DSTM32F401xE -DDEBUG -c -I../Core/Inc -I../Drivers/STM32F4xx_HAL_Driver/Inc -I../Drivers/STM32F4xx_HAL_Driver/Inc/Legacy -I../Drivers/CMSIS/Device/ST/STM32F4xx/Include -I../Drivers/CMSIS/Include -O0 -ffunction-sections -fdata-sections -Wall -fstack-usage -MMD -MP -MF"Core/Src/main.d" -MT"Core/Src/main.o" --specs=nano.specs -mfpu=fpv4-sp-d16 -mfloat-abi=hard -mthumb -o "Core/Src/main.o"
../Core/Src/main.c: In function 'main':
../Core/Src/main.c:141:36: warning: format '%d' expects argument of type 'int', but argument 3 has type 'double' [-Wformat=]
          sprintf(num_char, "Temp: %d", temperature);
                                   ~^
                                   %f
../Core/Src/main.c:142:26: error: 'dupa' undeclared (first use in this function)
          lcd_send_string(dupa);
                          ^~~~
../Core/Src/main.c:142:26: note: each undeclared identifier is reported only once for each function it appears in
../Core/Src/main.c:74:10: warning: variable 'spr' set but not used [-Wunused-but-set-variable]
  uint8_t spr =2, temp1, temp2;
          ^~~
make: *** [Core/Src/subdir.mk:43: Core/Src/main.o] Error 1
"make -j8 all" terminated with exit code 2. Build might be incomplete.
21:05:39 **** Incremental Build of configuration Debug for project lcd_temp ****
make -j8 all 
arm-none-eabi-gcc "../Core/Src/main.c" -mcpu=cortex-m4 -std=gnu11 -g3 -DUSE_HAL_DRIVER -DSTM32F401xE -DDEBUG -c -I../Core/Inc -I../Drivers/STM32F4xx_HAL_Driver/Inc -I../Drivers/STM32F4xx_HAL_Driver/Inc/Legacy -I../Drivers/CMSIS/Device/ST/STM32F4xx/Include -I../Drivers/CMSIS/Include -O0 -ffunction-sections -fdata-sections -Wall -fstack-usage -MMD -MP -MF"Core/Src/main.d" -MT"Core/Src/main.o" --specs=nano.specs -mfpu=fpv4-sp-d16 -mfloat-abi=hard -mthumb -o "Core/Src/main.o"
../Core/Src/main.c: In function 'main':
../Core/Src/main.c:141:36: warning: format '%d' expects argument of type 'int', but argument 3 has type 'double' [-Wformat=]
          sprintf(num_char, "Temp: %d", temperature);
                                   ~^
                                   %f
../Core/Src/main.c:74:10: warning: variable 'spr' set but not used [-Wunused-but-set-variable]
  uint8_t spr =2, temp1, temp2;
          ^~~
arm-none-eabi-gcc -o "lcd_temp.elf" @"objects.list"   -mcpu=cortex-m4 -T"C:\Users\wojta\STM32CubeIDE\workspace_1.5.1\lcd_temp\STM32F401RETX_FLASH.ld" --specs=nosys.specs -Wl,-Map="lcd_temp.map" -Wl,--gc-sections -static --specs=nano.specs -mfpu=fpv4-sp-d16 -mfloat-abi=hard -mthumb -Wl,--start-group -lc -lm -Wl,--end-group
Finished building target: lcd_temp.elf
 
arm-none-eabi-objdump -h -S  lcd_temp.elf  > "lcd_temp.list"
arm-none-eabi-objcopy  -O binary  lcd_temp.elf  "lcd_temp.bin"
arm-none-eabi-size   lcd_temp.elf 
   text	   data	    bss	    dec	    hex	filename
  12732	    120	   1688	  14540	   38cc	lcd_temp.elf
Finished building: default.size.stdout
 
Finished building: lcd_temp.bin
 
Finished building: lcd_temp.list
 
21:05:50 **** Incremental Build of configuration Debug for project lcd_temp ****
make -j8 all 
arm-none-eabi-size   lcd_temp.elf 
   text	   data	    bss	    dec	    hex	filename
  12732	    120	   1688	  14540	   38cc	lcd_temp.elf
Finished building: default.size.stdout
 
